2025-04-08 07:41:34 | User: ip0001 | Generated: WQGUawmpzm
2025-04-08 16:08:23 | User: Toxa | Generated: Njf6JIt97M
2025-04-08 18:18:33 | User: player | Generated: AagmLt2tB8
2025-04-08 18:19:59 | User: player2 | Generated: 0VToRx8NVu
2025-04-08 18:21:37 | User: player3 | Generated: H0jelMIJz9
2025-04-08 18:22:32 | User: player4 | Generated: OgvwmdXoPQ
2025-04-08 18:23:24 | User: player5 | Generated: YmVmw904Kr
2025-04-08 18:32:32 | User: player6 | Generated: 8hbjZxTjKn
2025-04-11 04:24:46 | User:  | Generated: flcuReQY3L
2025-04-15 14:56:11 | User: u7070 | Generated: xr3r8R8uEZ
2025-04-17 19:19:46 | User: 70708 | Generated: Npcx2Umd1A
2025-04-18 15:10:04 | User: rahimov | Generated: fAh3wPaoqK
2025-04-19 10:17:00 | User: nekruz | Generated: 2EDd3KozKM
2025-04-19 12:24:41 | User: Guma | Generated: zCDX1PcvnS
2025-04-20 05:20:27 | User: Jamo | Generated: PVH7rt0aI7
2025-04-25 09:49:17 | User: Dilshod | Generated: DRFbptPHwD
2025-04-26 14:52:20 | User: DoktorSher | Generated: m2jHc9uPUO
2025-04-26 14:54:43 | User: Jamo1 | Generated: a8yW7eFbaQ
2025-04-26 15:30:42 | User: 1511444 | Generated: qYJ4i7Se1w
2025-04-26 15:58:30 | User: 15114442 | Generated: REBPucDCif
2025-05-04 08:24:50 | User: Natasha | Generated: xN0ViR1DKL
2025-05-04 12:53:54 | User: Akbarali | Generated: NJWCoHhMxk
2025-05-06 17:05:50 | User: 7057555 | Generated: YpXBIAhLMk
2025-05-14 08:55:20 | User: Ikro | Generated: j9nRZmhU91
2025-05-24 10:42:55 | User: raulmadrid | Generated: OsHKYmuJaj
2025-05-30 11:15:24 | User: iperkin | Generated: sDM1zduEcQ
2025-06-04 09:43:56 | User: 9123 | Generated: wZjMjsdfm1
2025-06-16 09:40:30 | User: Iracha | Generated: 04z07K4lpN
2025-06-24 07:55:45 | User: Lenajor | Generated: M7wFzwWbTz
2025-06-27 06:00:58 | User: ruhshona | Generated: qVoAZ17TmD
2025-07-05 08:43:40 | User: 68542 | Generated: zhJM871AZH
2025-07-10 08:38:23 | User: W001 | Generated: wrUkrxQggf
2025-07-16 03:34:36 | User: Asusiptv1 | Generated: 320CdidDUl
2025-07-16 04:01:47 | User: asusiptv2 | Generated: 6HrMt3u7iB
2025-07-26 21:18:26 | User: genival | Generated: alOTridQkM
2025-07-27 10:58:41 | User: m5995 | Generated: uu5qxjgZX6
2025-07-29 09:39:54 | User: 78221 | Generated: PkhBFylxdy
2025-07-30 08:38:49 | User:  | Generated: xERTww0jFk
2025-08-01 03:38:52 | User: Rimaz1 | Generated: hrq5iLy34w
2025-08-01 12:24:40 | User: buxarin | Generated: SjvV0aeZpw
2025-08-01 12:25:29 | User: buxarina | Generated: hBKSxbtR3j
2025-08-03 11:51:01 | User: 4632332 | Generated: Da62viN9hz
2025-08-03 13:17:30 | User: INOMJON | Generated: oUA80OSNjT
2025-08-03 13:19:16 | User: INOMJONI | Generated: 9gPeskFvhj
2025-08-03 17:41:55 | User: 55006 | Generated: TZBUA2HEMG
2025-08-04 06:11:50 | User:  | Generated: KBYLxKTXbN
2025-08-04 16:39:57 | User: 78222 | Generated: CYqYJbjhaV
2025-08-05 12:31:37 | User:  | Generated: UaSobGURCk
2025-08-06 10:15:50 | User: fer00001 | Generated: vFsrg8z0wE
2025-08-09 11:18:58 | User: A1055 | Generated: mjDiqU3kPW
2025-08-09 15:27:06 | User: donyor88 | Generated: 20lcPRGPK6
2025-08-10 10:57:58 | User: ip0605 | Generated: NI0DheSDXt
2025-08-12 12:48:45 | User: 78223 | Generated: Mmr8iNPeuE
2025-08-12 13:33:51 | User: 78224 | Generated: HUOyrUREwh
2025-08-13 14:14:17 | User: Bogibus | Generated: 5K11nya09o
2025-08-13 15:36:35 | User: 00909 | Generated: pYXOWUzcGt
2025-08-15 14:18:39 | User: smart8647 | Generated: Ehm64lpYDk
2025-08-21 15:23:36 | User: i7822 | Generated: k4C5H6VicI
2025-08-23 13:58:02 | User: smart7075 | Generated: C1XyHfdAhB
2025-08-29 06:37:44 | User:  | Generated: fMcsn3GbGT
2025-08-29 13:36:54 | User: stratex07 | Generated: NdP0S0Xupx
2025-08-30 04:26:36 | User: Vallyh | Generated: 15I6UVrRjJ
2025-09-02 04:32:15 | User: parfymer01 | Generated: ZPupR3SnyT
2025-09-07 12:38:41 | User: 78228 | Generated: fwntpDu6z1
2025-09-08 05:44:50 | User: klent1 | Generated: RVsNzvdBhP
2025-09-10 08:18:49 | User: temur7777 | Generated: 4S7EpL9sVo
2025-09-10 09:06:01 | User: temur8888 | Generated: YAVFQR16kt
2025-09-10 09:27:06 | User: temur9999 | Generated: AUPID6MNof
2025-09-10 10:53:09 | User: 9785 | Generated: xDTXGJgWHn
2025-09-10 10:55:29 | User: 9885 | Generated: HRRJ6WiRah
2025-09-11 06:49:06 | User: Bahaaka | Generated: v83NDXVpmQ
2025-09-11 15:10:50 | User: proxy9886 | Generated: QNT5oyunuO
2025-09-15 09:26:50 | User: temur1111 | Generated: N2uNPruMGN
2025-09-15 10:08:35 | User: temur8878888 | Generated: WdeYMAOtHR
2025-09-16 08:35:02 | User: 782210 | Generated: gkvpH0mZvZ
2025-09-16 10:48:37 | User:  | Generated: IRojp65pv2
2025-09-18 17:38:01 | User: xusha6699 | Generated: DDQwzv5oYP
2025-09-25 12:05:32 | User: Toshkent003 | Generated: YLQTasUaec
2025-09-29 11:03:44 | User: Toshkent005 | Generated: 5gZ3WQz1CH
2025-10-11 09:01:14 | User: 782214 | Generated: 9wTu5nEHQB
2025-10-12 17:19:39 | User: smart7070 | Generated: re3aM03VCI
2025-10-14 04:39:42 | User: 5662 | Generated: CG2EFAwQS5
2025-10-15 09:18:40 | User: Qumgon | Generated: GnYdDFkofn
2025-10-16 11:18:45 | User: Garadok1 | Generated: LxVLPRyRRL
2025-10-19 13:09:02 | User: Homeuchun | Generated: lK4klfLTZi
2025-10-22 02:08:16 | User: Ser12 | Generated: wtoXCbvQQ8
2025-10-22 02:08:46 | User: Ali67 | Generated: X00HWoxDBj
2025-10-22 04:04:57 | User: W733 | Generated: 7sEEaotJjX
2025-10-26 11:35:56 | User: 782215 | Generated: kiwwPXryBs
2025-10-26 16:21:22 | User: Nabi | Generated: Y6SU1573V7
2025-10-28 14:21:25 | User:  | Generated: KTuQyTWFZD
2025-10-28 14:21:31 | User:  | Generated: sUXiM4EIhl
2025-10-30 10:15:54 | User: smart5959 | Generated: iQJF58pwU8
2025-11-02 08:17:19 | User: 782216 | Generated: Z2OK0YpKNj
2025-11-07 11:26:42 | User:  | Generated: o4GMc6BRAO
2025-11-12 12:28:09 | User: smart1001 | Generated: HAl6ukdcMY
2025-11-14 09:34:08 | User: ahmetunal | Generated: gMyf6YQJ53
2025-11-14 10:05:46 | User: 8480127 | Generated: bklWt00kwF
2025-11-15 06:09:07 | User: 782217 | Generated: PyVpLrCzaR
2025-11-17 07:21:20 | User: j5675 | Generated: 86OOGl0MJF
2025-11-17 14:05:57 | User: Toshket006 | Generated: 1vU7hfSbA0
2025-11-18 11:54:01 | User: toha | Generated: 6V4H0gsQpw
2025-11-22 08:48:16 | User: home1000 | Generated: eTzCqcV8uf
2025-11-23 13:27:00 | User: 782218 | Generated: mrzGmkODXu
2025-11-26 09:38:09 | User: 782219 | Generated: 245S53IlzY
2025-11-26 14:14:24 | User: smart2426 | Generated: 4sz3krLgiF
2025-11-29 04:51:51 | User: muzaffar8808 | Generated: Cteq2aZsGS
2025-11-29 13:29:53 | User: h2425 | Generated: 46fZmNtqvo
2025-11-29 13:30:39 | User: h2324 | Generated: 9EIqqZONq3
2025-11-29 13:36:07 | User: hayet23 | Generated: m9dIkMTLaf
2025-12-02 11:11:38 | User: atxam | Generated: fQt94vgf3Y
2025-12-13 14:35:26 | User: 782220 | Generated: Zx7SXMGrca
2025-12-20 14:35:34 | User:  | Generated: uCG0TF903L
2025-12-22 08:17:16 | User: 778822 | Generated: H9sT5MauB3
2025-12-22 08:18:13 | User: 782222 | Generated: cJ6p0SypTK
2025-12-22 08:20:59 | User: 782222 | Generated: zutnFoEMQo
2025-12-22 08:21:50 | User: 782222 | Generated: uyEaUPvl6h
2025-12-22 08:22:30 | User: 782222 | Generated: ewNytRAdPs
2025-12-22 08:29:18 | User: 782222 | Generated: opcifDfvxp
2025-12-22 08:30:05 | User: 782222 | Generated: TTq72bOKCb
2025-12-25 10:26:25 | User: 7370 | Generated: nEIpVXWTCU
2025-12-27 07:51:52 | User: 782223 | Generated: P2eihhX2tx
2025-12-29 11:06:26 | User: 3066767 | Generated: af4sB660vU
2025-12-31 08:49:40 | User: u4343 | Generated: 8d21yVSUKF
2025-12-31 13:55:55 | User: 782224 | Generated: NCOO5sB42g
2026-01-07 10:31:58 | User: j013 | Generated: pU4g9bKy3o
2026-01-08 14:04:25 | User: Mari | Generated: s4hejApWFL
2026-01-09 12:53:04 | User: L1215 | Generated: 7LovX6JlRe
2026-01-11 10:48:47 | User: F0055 | Generated: AVI104M72o
2026-01-11 14:28:03 | User: 0096 | Generated: 0EPGaGHflb
2026-01-12 04:15:18 | User: Jamal | Generated: b3PAD56wrx
2026-01-12 08:50:20 | User: 782225 | Generated: ELcHUpsCOR
2026-01-14 08:12:48 | User: Oleg1 | Generated: CQE0UKqNTi
2026-01-14 16:43:54 | User: 782226 | Generated: P7ykgnjMvM
2026-01-16 08:11:43 | User: Azza | Generated: XD6asYzX5G
2026-01-17 07:51:50 | User: i2858 | Generated: zPZy6cGMJf
2026-01-17 12:47:30 | User: Ad300 | Generated: zeqMgxaOeO
2026-01-17 16:08:17 | User: A2255 | Generated: aaP3Chsd9A
2026-01-18 04:54:04 | User: Bagdan | Generated: MtAIZFC7m2
2026-01-19 06:15:55 | User: mistr | Generated: MxCmLu7uDA
2026-01-19 06:16:48 | User: mistr2372949 | Generated: vRt5uV2dtJ
2026-01-20 07:47:20 | User: 40let | Generated: SfOXyPuACW
2026-01-20 08:27:39 | User: 782227 | Generated: yNQFqye3VB
2026-01-20 16:08:02 | User: Fevzi | Generated: HIfnpaznP2
2026-01-21 04:48:47 | User: Babush | Generated: v2Fv3gqs5A
2026-01-21 22:30:11 | User: Xan1 | Generated: Olfy1lXnlx
2026-01-21 22:30:44 | User: xan2 | Generated: KNafN3581z
2026-01-22 04:01:03 | User: Most7 | Generated: 2lDy1WRcC6
2026-01-22 09:26:41 | User: 782228 | Generated: CE2emS4UJ8
2026-01-23 05:30:18 | User: Victoriy | Generated: 5wXqa284q7
2026-01-23 06:04:13 | User: Galla | Generated: AK6h2140Fc
2026-01-23 07:54:46 | User: Avika38 | Generated: QkqIkBA2Su
2026-01-26 08:09:57 | User: sardor7464 | Generated: 9gWzmbaYlw
2026-01-26 10:02:46 | User: Karon5 | Generated: narner4jIL
2026-01-26 12:24:54 | User: Mirzo | Generated: WwY0JaNOE9
2026-01-27 05:16:59 | User: davrobbek | Generated: 6PBeuuOiRl
2026-01-27 05:22:32 | User: davron1992 | Generated: K33EKyaiz0
2026-01-27 10:43:24 | User: Botir | Generated: ZrfBlF7L4y
2026-01-27 13:38:21 | User: art111 | Generated: gvztB97BQt
2026-01-27 14:40:19 | User: A020 | Generated: vE0xXJtqrg
2026-01-27 17:10:34 | User: s2626 | Generated: 7equ7Skzr4
2026-01-27 17:19:06 | User: muzaffartest | Generated: VGa5jDpGz8
2026-01-29 12:50:06 | User: Timay | Generated: 0adQZmBXAr
2026-01-30 09:46:07 | User: Athamak | Generated: l5g5WvfAiE
2026-01-30 10:05:14 | User: Athamak2 | Generated: 13xiYIyyRI
2026-02-02 09:38:37 | User: Asanteh | Generated: 8nczE6vqya
2026-02-03 03:44:44 | User: Gena1 | Generated: xoXRvt3Vnh
2026-02-04 10:23:25 | User: 782229 | Generated: dUxs0Q2qev
2026-02-04 14:35:08 | User: Oppoy | Generated: g2ynQ4PH4I
2026-02-04 15:29:22 | User:  | Generated: BfansyVCDd
2026-02-05 09:13:37 | User: 7338 | Generated: MMzl8SgMl0
2026-02-05 10:12:34 | User: Newplace | Generated: PHdCdsIQMX
2026-02-06 16:55:19 | User: sitora | Generated: j4n9LJQJ67
2026-02-07 04:43:55 | User: Tamoj | Generated: thuPOnsMPo
2026-02-07 12:06:42 | User: Roma2 | Generated: 5AOjs2u3WO
2026-02-07 14:34:38 | User: 782230 | Generated: crgo8LldzV
2026-02-07 14:40:03 | User: 782231 | Generated: c0sXGCawUE
2026-02-07 14:41:53 | User: 782232 | Generated: g0HtDRgmbm
2026-02-07 14:45:36 | User: 782233 | Generated: yIYIpIx0y1
2026-02-07 15:11:53 | User: 782234 | Generated: zM4zLmJo9D
2026-02-09 11:30:44 | User: 1110333 | Generated: g64arpbAl8
2026-02-11 06:36:43 | User: Yangi | Generated: Ni4X5GPrUl
2026-02-11 11:39:23 | User: Bahajan | Generated: UNMDu7WBoR
2026-02-12 05:56:16 | User: Sarbon | Generated: YTzOU9dzwW
2026-02-13 06:55:11 | User: Dveri | Generated: IeERd3PVQk
2026-02-13 07:26:04 | User: Azibrata | Generated: 7knishurAI
2026-02-13 08:34:13 | User: Artel2 | Generated: g0uuAXYlnb
2026-02-16 09:19:00 | User: Rose | Generated: GYgizu49lk
2026-02-19 08:47:26 | User: A301 | Generated: oTvXEjsbZJ
2026-02-21 14:30:43 | User: 9123 | Generated: isfNT343D4
2026-03-02 14:37:25 | User:  | Generated: B7tjSaPcTB
2026-03-02 14:37:25 | User:  | Generated: vP1rTpN0z5
2026-03-03 11:41:13 | User: Arvit | Generated: w9FOA1TtTT
2026-03-08 14:14:07 | User: D222 | Generated: q0HUGnNnia
2026-03-09 15:14:24 | User: Atima | Generated: 2bCrbh6art
2026-03-10 09:20:50 | User: ip4532 | Generated: ZNIOEoV1vh
2026-03-10 11:44:31 | User: 5582727 | Generated: D3RaxYlsea
2026-03-10 17:42:22 | User: messi | Generated: gXd1jg8ZGt
2026-03-11 13:17:30 | User: aleks97 | Generated: yUv8ijEZjM
2026-03-14 08:34:33 | User: Lazizh | Generated: iLu2shu6nt
2026-03-17 04:28:25 | User: Nina1 | Generated: OVKg9YTnce
2026-03-19 07:43:42 | User: Hojibu | Generated: Cq3Jmt1DjL
2026-03-22 06:56:12 | User:  | Generated: oXPtgSoPna
2026-03-23 12:37:51 | User: 6948887 | Generated: p5ppmWApSH
2026-03-24 11:44:37 | User: Sunattillo | Generated: I7FDQ6ndPW
2026-03-27 11:08:34 | User: smart9121 | Generated: bAnNqQEwUw
2026-03-27 12:35:56 | User: smart4080 | Generated: OCEB3SeK3j
2026-03-27 15:42:12 | User: 2016666 | Generated: CbCuv4fkXv
2026-03-28 17:23:48 | User:  | Generated: kZQENG9uOl
2026-03-28 17:25:37 | User: n0707 | Generated: PbUHumIPQ1
2026-03-28 17:42:48 | User: client1 | Generated: QumKq7k2aN
2026-03-29 08:12:41 | User: Arte | Generated: ESkiGzsJy0
2026-04-03 13:33:06 | User: oguzhan2008 | Generated: 19WVke68U4
2026-04-04 19:35:52 | User: Romzi86 | Generated: ReAyEWKQa0
2026-04-06 16:02:31 | User: 6922291 | Generated: jxlsjiWIPk
2026-04-07 04:54:16 | User: Gul106 | Generated: kheZQg3GyV
2026-04-09 16:04:23 | User: Newacc | Generated: rVCkcwzU64
2026-04-10 10:32:25 | User: sarvar2022 | Generated: w3wZpEKAtm
2026-04-11 14:33:24 | User: Umidjon | Generated: uhlwyyDwu2
2026-04-12 06:40:14 | User: 3502A | Generated: iwm0uuyp9e
2026-04-14 08:50:57 | User: Ashuhrat | Generated: mKkzZDH7I5
2026-04-15 06:44:19 | User: Isaqjon | Generated: jFUGDEVFf6
2026-04-16 10:11:38 | User: Medushil | Generated: Vhc2QCUomj
2026-04-18 16:01:09 | User: 123w | Generated: lqMPpfvXwM
2026-04-18 16:34:02 | User: Sharif | Generated: T2apaYurlF
2026-04-24 16:29:59 | User: Namangan001 | Generated: QafETMbZog
2026-04-28 13:52:39 | User: 782235 | Generated: uFBJzDBC91
2026-05-01 05:55:09 | User:  | Generated: eBy5cNMYhu
2026-05-01 05:55:18 | User:  | Generated: gs8a22YBi7
2026-05-01 05:55:20 | User:  | Generated: PpCho5tri6
2026-05-01 05:55:25 | User:  | Generated: csrP7OEicc
2026-05-01 05:55:33 | User:  | Generated: K5HmcfwDIH
2026-05-01 05:55:58 | User:  | Generated: q9VRCJqEjD
2026-05-01 05:56:23 | User:  | Generated: PZMGi91cqN
2026-05-01 05:56:34 | User:  | Generated: 70E84Cd9c0
2026-05-01 05:57:22 | User: Rimaz2 | Generated: 3YNPJUUdgE
2026-05-01 08:04:05 | User:  | Generated: xm8QTJMlM0
2026-05-01 09:26:05 | User:  | Generated: miSti78581
2026-05-01 09:26:50 | User:  | Generated: KzeYtK8z2J
2026-05-01 09:29:14 | User: rimaz63 | Generated: bCAoBRQKcA
2026-05-01 09:29:23 | User: rimaz63 | Generated: iIz59lhypl
2026-05-01 09:31:17 | User: rimaz63 | Generated: VhifPEQemZ
