SELECT id,user,sum,a,pwd,DATE_FORMAT(dreg,'%d.%m.%y %H:%i') as dreg,eml,phone,fe,postpaid,defserver,currency FROM dealers WHERE ((user='ssmm' or eml='') or (t_fname='' or t_lname='' 
or t_usr='')) and id=46SELECT id,user,sum,a,pwd,DATE_FORMAT(dreg,'%d.%m.%y %H:%i') as dreg,eml,phone,fe,postpaid,defserver,currency FROM dealers WHERE ((user='ssmm' or eml='') or (t_fname='' or t_lname='' 
or t_usr='')) and id=46SELECT id,user,sum,a,pwd,DATE_FORMAT(dreg,'%d.%m.%y %H:%i') as dreg,eml,phone,fe,postpaid,defserver,currency FROM dealers WHERE ((user='ssmm' or eml='') or (t_fname='' or t_lname='' 
or t_usr='')) and id=46SELECT id,user,sum,a,pwd,DATE_FORMAT(dreg,'%d.%m.%y %H:%i') as dreg,eml,phone,fe,postpaid,defserver,currency FROM dealers WHERE ((user='ssmm' or eml='') or (t_fname='' or t_lname='' 
or t_usr='')) and id=46SELECT id,user,sum,a,pwd,DATE_FORMAT(dreg,'%d.%m.%y %H:%i') as dreg,eml,phone,fe,postpaid,defserver,currency FROM dealers WHERE ((user='ssmm' or eml='') or (t_fname='' or t_lname='' 
or t_usr='')) and id=46SELECT id,user,sum,a,pwd,DATE_FORMAT(dreg,'%d.%m.%y %H:%i') as dreg,eml,phone,fe,postpaid,defserver,currency FROM dealers WHERE ((user='ssmm' or eml='') or (t_fname='' or t_lname='' 
or t_usr='')) and id=46SELECT id,user,sum,a,pwd,DATE_FORMAT(dreg,'%d.%m.%y %H:%i') as dreg,eml,phone,fe,postpaid,defserver,currency FROM dealers WHERE ((user='ssmm' or eml='') or (t_fname='' or t_lname='' 
or t_usr='')) and id=46SELECT id,user,sum,a,pwd,DATE_FORMAT(dreg,'%d.%m.%y %H:%i') as dreg,eml,phone,fe,postpaid,defserver,currency FROM dealers WHERE ((user='ssmm' or eml='') or (t_fname='' or t_lname='' 
or t_usr='')) and id=46SELECT id,user,sum,a,pwd,DATE_FORMAT(dreg,'%d.%m.%y %H:%i') as dreg,eml,phone,fe,postpaid,defserver,currency FROM dealers WHERE ((user='ssmm' or eml='') or (t_fname='' or t_lname='' 
or t_usr='')) and id=46SELECT id,user,sum,a,pwd,DATE_FORMAT(dreg,'%d.%m.%y %H:%i') as dreg,eml,phone,fe,postpaid,defserver,currency FROM dealers WHERE ((user='ssmm' or eml='') or (t_fname='' or t_lname='' 
or t_usr='')) and id=46SELECT id,user,sum,a,pwd,DATE_FORMAT(dreg,'%d.%m.%y %H:%i') as dreg,eml,phone,fe,postpaid,defserver,currency FROM dealers WHERE ((user='ssmm' or eml='') or (t_fname='' or t_lname='' 
or t_usr='')) and id=46SELECT id,user,sum,a,pwd,DATE_FORMAT(dreg,'%d.%m.%y %H:%i') as dreg,eml,phone,fe,postpaid,defserver,currency FROM dealers WHERE ((user='ssmm' or eml='') or (t_fname='' or t_lname='' 
or t_usr='')) and id=46SELECT id,user,sum,a,pwd,DATE_FORMAT(dreg,'%d.%m.%y %H:%i') as dreg,eml,phone,fe,postpaid,defserver,currency FROM dealers WHERE ((user='ssmm' or eml='') or (t_fname='' or t_lname='' 
or t_usr='')) and id=46SELECT id,user,sum,a,pwd,DATE_FORMAT(dreg,'%d.%m.%y %H:%i') as dreg,eml,phone,fe,postpaid,defserver,currency FROM dealers WHERE ((user='ssmm' or eml='') or (t_fname='' or t_lname='' 
or t_usr='')) and id=46SELECT id,user,sum,a,pwd,DATE_FORMAT(dreg,'%d.%m.%y %H:%i') as dreg,eml,phone,fe,postpaid,defserver,currency FROM dealers WHERE ((user='ssmm' or eml='') or (t_fname='' or t_lname='' 
or t_usr='')) and id=46SELECT id,user,sum,a,pwd,DATE_FORMAT(dreg,'%d.%m.%y %H:%i') as dreg,eml,phone,fe,postpaid,defserver,currency FROM dealers WHERE ((user='ssmm' or eml='') or (t_fname='' or t_lname='' 
or t_usr='')) and id=46SELECT id,user,sum,a,pwd,DATE_FORMAT(dreg,'%d.%m.%y %H:%i') as dreg,eml,phone,fe,postpaid,defserver,currency FROM dealers WHERE ((user='ssmm' or eml='') or (t_fname='' or t_lname='' 
or t_usr='')) and id=46SELECT id,user,sum,a,pwd,DATE_FORMAT(dreg,'%d.%m.%y %H:%i') as dreg,eml,phone,fe,postpaid,defserver,currency FROM dealers WHERE ((user='ssmm' or eml='') or (t_fname='' or t_lname='' 
or t_usr='')) and id=46SELECT id,user,sum,a,pwd,DATE_FORMAT(dreg,'%d.%m.%y %H:%i') as dreg,eml,phone,fe,postpaid,defserver,currency FROM dealers WHERE ((user='ssmm' or eml='') or (t_fname='' or t_lname='' 
or t_usr='')) and id=46SELECT id,user,sum,a,pwd,DATE_FORMAT(dreg,'%d.%m.%y %H:%i') as dreg,eml,phone,fe,postpaid,defserver,currency FROM dealers WHERE ((user='ssmm' or eml='') or (t_fname='' or t_lname='' 
or t_usr='')) and id=46SELECT id,user,sum,a,pwd,DATE_FORMAT(dreg,'%d.%m.%y %H:%i') as dreg,eml,phone,fe,postpaid,defserver,currency FROM dealers WHERE ((user='ssmm' or eml='') or (t_fname='' or t_lname='' 
or t_usr='')) and id=46SELECT id,user,sum,a,pwd,DATE_FORMAT(dreg,'%d.%m.%y %H:%i') as dreg,eml,phone,fe,postpaid,defserver,currency FROM dealers WHERE ((user='ssmm' or eml='') or (t_fname='' or t_lname='' 
or t_usr='')) and id=46SELECT id,user,sum,a,pwd,DATE_FORMAT(dreg,'%d.%m.%y %H:%i') as dreg,eml,phone,fe,postpaid,defserver,currency FROM dealers WHERE ((user='ssmm' or eml='') or (t_fname='' or t_lname='' 
or t_usr='')) and id=46SELECT id,user,sum,a,pwd,DATE_FORMAT(dreg,'%d.%m.%y %H:%i') as dreg,eml,phone,fe,postpaid,defserver,currency FROM dealers WHERE ((user='ssmm' or eml='') or (t_fname='' or t_lname='' 
or t_usr='')) and id=46SELECT id,user,sum,a,pwd,DATE_FORMAT(dreg,'%d.%m.%y %H:%i') as dreg,eml,phone,fe,postpaid,defserver,currency FROM dealers WHERE ((user='ssmm' or eml='') or (t_fname='' or t_lname='' 
or t_usr='')) and id=46SELECT id,user,sum,a,pwd,DATE_FORMAT(dreg,'%d.%m.%y %H:%i') as dreg,eml,phone,fe,postpaid,defserver,currency FROM dealers WHERE ((user='ssmm' or eml='') or (t_fname='' or t_lname='' 
or t_usr='')) and id=46SELECT id,user,sum,a,pwd,DATE_FORMAT(dreg,'%d.%m.%y %H:%i') as dreg,eml,phone,fe,postpaid,defserver,currency FROM dealers WHERE ((user='ssmm' or eml='') or (t_fname='' or t_lname='' 
or t_usr='')) and id=46SELECT id,user,sum,a,pwd,DATE_FORMAT(dreg,'%d.%m.%y %H:%i') as dreg,eml,phone,fe,postpaid,defserver,currency FROM dealers WHERE ((user='ssmm' or eml='') or (t_fname='' or t_lname='' 
or t_usr='')) and id=46SELECT id,user,sum,a,pwd,DATE_FORMAT(dreg,'%d.%m.%y %H:%i') as dreg,eml,phone,fe,postpaid,defserver,currency FROM dealers WHERE ((user='ssmm' or eml='') or (t_fname='' or t_lname='' 
or t_usr='')) and id=46SELECT id,user,sum,a,pwd,DATE_FORMAT(dreg,'%d.%m.%y %H:%i') as dreg,eml,phone,fe,postpaid,defserver,currency FROM dealers WHERE ((user='ssmm' or eml='') or (t_fname='' or t_lname='' 
or t_usr='')) and id=46SELECT id,user,sum,a,pwd,DATE_FORMAT(dreg,'%d.%m.%y %H:%i') as dreg,eml,phone,fe,postpaid,defserver,currency FROM dealers WHERE ((user='ssmm' or eml='') or (t_fname='' or t_lname='' 
or t_usr='')) and id=46SELECT id,user,sum,a,pwd,DATE_FORMAT(dreg,'%d.%m.%y %H:%i') as dreg,eml,phone,fe,postpaid,defserver,currency FROM dealers WHERE ((user='ssmm' or eml='') or (t_fname='' or t_lname='' 
or t_usr='')) and id=46SELECT id,user,sum,a,pwd,DATE_FORMAT(dreg,'%d.%m.%y %H:%i') as dreg,eml,phone,fe,postpaid,defserver,currency FROM dealers WHERE ((user='ssmm' or eml='') or (t_fname='' or t_lname='' 
or t_usr='')) and id=46SELECT id,user,sum,a,pwd,DATE_FORMAT(dreg,'%d.%m.%y %H:%i') as dreg,eml,phone,fe,postpaid,defserver,currency FROM dealers WHERE ((user='ssmm' or eml='') or (t_fname='' or t_lname='' 
or t_usr='')) and id=46SELECT id,user,sum,a,pwd,DATE_FORMAT(dreg,'%d.%m.%y %H:%i') as dreg,eml,phone,fe,postpaid,defserver,currency FROM dealers WHERE ((user='ssmm' or eml='') or (t_fname='' or t_lname='' 
or t_usr='')) and id=46SELECT id,user,sum,a,pwd,DATE_FORMAT(dreg,'%d.%m.%y %H:%i') as dreg,eml,phone,fe,postpaid,defserver,currency FROM dealers WHERE ((user='ssmm' or eml='') or (t_fname='' or t_lname='' 
or t_usr='')) and id=46SELECT id,user,sum,a,pwd,DATE_FORMAT(dreg,'%d.%m.%y %H:%i') as dreg,eml,phone,fe,postpaid,defserver,currency FROM dealers WHERE ((user='ssmm' or eml='') or (t_fname='' or t_lname='' 
or t_usr='')) and id=46SELECT id,user,sum,a,pwd,DATE_FORMAT(dreg,'%d.%m.%y %H:%i') as dreg,eml,phone,fe,postpaid,defserver,currency FROM dealers WHERE ((user='ssmm' or eml='') or (t_fname='' or t_lname='' 
or t_usr='')) and id=46SELECT id,user,sum,a,pwd,DATE_FORMAT(dreg,'%d.%m.%y %H:%i') as dreg,eml,phone,fe,postpaid,defserver,currency FROM dealers WHERE ((user='ssmm' or eml='') or (t_fname='' or t_lname='' 
or t_usr='')) and id=46SELECT id,user,sum,a,pwd,DATE_FORMAT(dreg,'%d.%m.%y %H:%i') as dreg,eml,phone,fe,postpaid,defserver,currency FROM dealers WHERE ((user='ssmm' or eml='') or (t_fname='' or t_lname='' 
or t_usr='')) and id=46SELECT id,user,sum,a,pwd,DATE_FORMAT(dreg,'%d.%m.%y %H:%i') as dreg,eml,phone,fe,postpaid,defserver,currency FROM dealers WHERE ((user='ssmm' or eml='') or (t_fname='' or t_lname='' 
or t_usr='')) and id=46SELECT id,user,sum,a,pwd,DATE_FORMAT(dreg,'%d.%m.%y %H:%i') as dreg,eml,phone,fe,postpaid,defserver,currency FROM dealers WHERE ((user='ssmm' or eml='') or (t_fname='' or t_lname='' 
or t_usr='')) and id=46SELECT id,user,sum,a,pwd,DATE_FORMAT(dreg,'%d.%m.%y %H:%i') as dreg,eml,phone,fe,postpaid,defserver,currency FROM dealers WHERE ((user='ssmm' or eml='') or (t_fname='' or t_lname='' 
or t_usr='')) and id=46SELECT id,user,sum,a,pwd,DATE_FORMAT(dreg,'%d.%m.%y %H:%i') as dreg,eml,phone,fe,postpaid,defserver,currency FROM dealers WHERE ((user='ssmm' or eml='') or (t_fname='' or t_lname='' 
or t_usr='')) and id=46SELECT id,user,sum,a,pwd,DATE_FORMAT(dreg,'%d.%m.%y %H:%i') as dreg,eml,phone,fe,postpaid,defserver,currency FROM dealers WHERE ((user='ssmm' or eml='') or (t_fname='' or t_lname='' 
or t_usr='')) and id=46SELECT id,user,sum,a,pwd,DATE_FORMAT(dreg,'%d.%m.%y %H:%i') as dreg,eml,phone,fe,postpaid,defserver,currency FROM dealers WHERE ((user='ssmm' or eml='') or (t_fname='' or t_lname='' 
or t_usr='')) and id=46SELECT id,user,sum,a,pwd,DATE_FORMAT(dreg,'%d.%m.%y %H:%i') as dreg,eml,phone,fe,postpaid,defserver,currency FROM dealers WHERE ((user='ssmm' or eml='') or (t_fname='' or t_lname='' 
or t_usr='')) and id=46SELECT id,user,sum,a,pwd,DATE_FORMAT(dreg,'%d.%m.%y %H:%i') as dreg,eml,phone,fe,postpaid,defserver,currency FROM dealers WHERE ((user='ssmm' or eml='') or (t_fname='' or t_lname='' 
or t_usr='')) and id=46SELECT id,user,sum,a,pwd,DATE_FORMAT(dreg,'%d.%m.%y %H:%i') as dreg,eml,phone,fe,postpaid,defserver,currency FROM dealers WHERE ((user='ssmm' or eml='') or (t_fname='' or t_lname='' 
or t_usr='')) and id=46SELECT id,user,sum,a,pwd,DATE_FORMAT(dreg,'%d.%m.%y %H:%i') as dreg,eml,phone,fe,postpaid,defserver,currency FROM dealers WHERE ((user='ssmm' or eml='') or (t_fname='' or t_lname='' 
or t_usr='')) and id=46SELECT id,user,sum,a,pwd,DATE_FORMAT(dreg,'%d.%m.%y %H:%i') as dreg,eml,phone,fe,postpaid,defserver,currency FROM dealers WHERE ((user='ssmm' or eml='') or (t_fname='' or t_lname='' 
or t_usr='')) and id=46SELECT id,user,sum,a,pwd,DATE_FORMAT(dreg,'%d.%m.%y %H:%i') as dreg,eml,phone,fe,postpaid,defserver,currency FROM dealers WHERE ((user='ssmm' or eml='') or (t_fname='' or t_lname='' 
or t_usr='')) and id=46SELECT id,user,sum,a,pwd,DATE_FORMAT(dreg,'%d.%m.%y %H:%i') as dreg,eml,phone,fe,postpaid,defserver,currency FROM dealers WHERE ((user='ssmm' or eml='') or (t_fname='' or t_lname='' 
or t_usr='')) and id=46SELECT id,user,sum,a,pwd,DATE_FORMAT(dreg,'%d.%m.%y %H:%i') as dreg,eml,phone,fe,postpaid,defserver,currency FROM dealers WHERE ((user='ssmm' or eml='') or (t_fname='' or t_lname='' 
or t_usr='')) and id=46SELECT id,user,sum,a,pwd,DATE_FORMAT(dreg,'%d.%m.%y %H:%i') as dreg,eml,phone,fe,postpaid,defserver,currency FROM dealers WHERE ((user='ssmm' or eml='') or (t_fname='' or t_lname='' 
or t_usr='')) and id=46SELECT id,user,sum,a,pwd,DATE_FORMAT(dreg,'%d.%m.%y %H:%i') as dreg,eml,phone,fe,postpaid,defserver,currency FROM dealers WHERE ((user='ssmm' or eml='') or (t_fname='' or t_lname='' 
or t_usr='')) and id=46SELECT id,user,sum,a,pwd,DATE_FORMAT(dreg,'%d.%m.%y %H:%i') as dreg,eml,phone,fe,postpaid,defserver,currency FROM dealers WHERE ((user='ssmm' or eml='') or (t_fname='' or t_lname='' 
or t_usr='')) and id=46SELECT id,user,sum,a,pwd,DATE_FORMAT(dreg,'%d.%m.%y %H:%i') as dreg,eml,phone,fe,postpaid,defserver,currency FROM dealers WHERE ((user='ssmm' or eml='') or (t_fname='' or t_lname='' 
or t_usr='')) and id=46SELECT id,user,sum,a,pwd,DATE_FORMAT(dreg,'%d.%m.%y %H:%i') as dreg,eml,phone,fe,postpaid,defserver,currency FROM dealers WHERE ((user='ssmm' or eml='') or (t_fname='' or t_lname='' 
or t_usr='')) and id=46SELECT id,user,sum,a,pwd,DATE_FORMAT(dreg,'%d.%m.%y %H:%i') as dreg,eml,phone,fe,postpaid,defserver,currency FROM dealers WHERE ((user='ssmm' or eml='') or (t_fname='' or t_lname='' 
or t_usr='')) and id=46SELECT id,user,sum,a,pwd,DATE_FORMAT(dreg,'%d.%m.%y %H:%i') as dreg,eml,phone,fe,postpaid,defserver,currency FROM dealers WHERE ((user='ssmm' or eml='') or (t_fname='' or t_lname='' 
or t_usr='')) and id=46SELECT id,user,sum,a,pwd,DATE_FORMAT(dreg,'%d.%m.%y %H:%i') as dreg,eml,phone,fe,postpaid,defserver,currency FROM dealers WHERE ((user='ssmm' or eml='') or (t_fname='' or t_lname='' 
or t_usr='')) and id=46SELECT id,user,sum,a,pwd,DATE_FORMAT(dreg,'%d.%m.%y %H:%i') as dreg,eml,phone,fe,postpaid,defserver,currency FROM dealers WHERE ((user='ssmm' or eml='') or (t_fname='' or t_lname='' 
or t_usr='')) and id=46SELECT id,user,sum,a,pwd,DATE_FORMAT(dreg,'%d.%m.%y %H:%i') as dreg,eml,phone,fe,postpaid,defserver,currency FROM dealers WHERE ((user='ssmm' or eml='') or (t_fname='' or t_lname='' 
or t_usr='')) and id=46SELECT id,user,sum,a,pwd,DATE_FORMAT(dreg,'%d.%m.%y %H:%i') as dreg,eml,phone,fe,postpaid,defserver,currency FROM dealers WHERE ((user='ssmm' or eml='') or (t_fname='' or t_lname='' 
or t_usr='')) and id=46SELECT id,user,sum,a,pwd,DATE_FORMAT(dreg,'%d.%m.%y %H:%i') as dreg,eml,phone,fe,postpaid,defserver,currency FROM dealers WHERE ((user='ssmm' or eml='') or (t_fname='' or t_lname='' 
or t_usr='')) and id=46SELECT id,user,sum,a,pwd,DATE_FORMAT(dreg,'%d.%m.%y %H:%i') as dreg,eml,phone,fe,postpaid,defserver,currency FROM dealers WHERE ((user='ssmm' or eml='') or (t_fname='' or t_lname='' 
or t_usr='')) and id=46SELECT id,user,sum,a,pwd,DATE_FORMAT(dreg,'%d.%m.%y %H:%i') as dreg,eml,phone,fe,postpaid,defserver,currency FROM dealers WHERE ((user='aziz' or eml='') or (t_fname='' or t_lname='' 
or t_usr='')) and id=48SELECT id,user,sum,a,pwd,DATE_FORMAT(dreg,'%d.%m.%y %H:%i') as dreg,eml,phone,fe,postpaid,defserver,currency FROM dealers WHERE ((user='aziz' or eml='') or (t_fname='' or t_lname='' 
or t_usr='')) and id=48SELECT id,user,sum,a,pwd,DATE_FORMAT(dreg,'%d.%m.%y %H:%i') as dreg,eml,phone,fe,postpaid,defserver,currency FROM dealers WHERE ((user='aziz' or eml='') or (t_fname='' or t_lname='' 
or t_usr='')) and id=48SELECT id,user,sum,a,pwd,DATE_FORMAT(dreg,'%d.%m.%y %H:%i') as dreg,eml,phone,fe,postpaid,defserver,currency FROM dealers WHERE ((user='aziz' or eml='') or (t_fname='' or t_lname='' 
or t_usr='')) and id=48SELECT id,user,sum,a,pwd,DATE_FORMAT(dreg,'%d.%m.%y %H:%i') as dreg,eml,phone,fe,postpaid,defserver,currency FROM dealers WHERE ((user='ssmm' or eml='') or (t_fname='' or t_lname='' 
or t_usr='')) and id=46SELECT id,user,sum,a,pwd,DATE_FORMAT(dreg,'%d.%m.%y %H:%i') as dreg,eml,phone,fe,postpaid,defserver,currency FROM dealers WHERE ((user='ssmm' or eml='') or (t_fname='' or t_lname='' 
or t_usr='')) and id=46SELECT id,user,sum,a,pwd,DATE_FORMAT(dreg,'%d.%m.%y %H:%i') as dreg,eml,phone,fe,postpaid,defserver,currency FROM dealers WHERE ((user='ssmm' or eml='') or (t_fname='' or t_lname='' 
or t_usr='')) and id=46SELECT id,user,sum,a,pwd,DATE_FORMAT(dreg,'%d.%m.%y %H:%i') as dreg,eml,phone,fe,postpaid,defserver,currency FROM dealers WHERE ((user='ssmm' or eml='') or (t_fname='' or t_lname='' 
or t_usr='')) and id=46SELECT id,user,sum,a,pwd,DATE_FORMAT(dreg,'%d.%m.%y %H:%i') as dreg,eml,phone,fe,postpaid,defserver,currency FROM dealers WHERE ((user='ssmm' or eml='') or (t_fname='' or t_lname='' 
or t_usr='')) and id=46SELECT id,user,sum,a,pwd,DATE_FORMAT(dreg,'%d.%m.%y %H:%i') as dreg,eml,phone,fe,postpaid,defserver,currency FROM dealers WHERE ((user='ssmm' or eml='') or (t_fname='' or t_lname='' 
or t_usr='')) and id=46SELECT id,user,sum,a,pwd,DATE_FORMAT(dreg,'%d.%m.%y %H:%i') as dreg,eml,phone,fe,postpaid,defserver,currency FROM dealers WHERE ((user='ssmm' or eml='') or (t_fname='' or t_lname='' 
or t_usr='')) and id=46SELECT id,user,sum,a,pwd,DATE_FORMAT(dreg,'%d.%m.%y %H:%i') as dreg,eml,phone,fe,postpaid,defserver,currency FROM dealers WHERE ((user='ssmm' or eml='') or (t_fname='' or t_lname='' 
or t_usr='')) and id=46SELECT id,user,sum,a,pwd,DATE_FORMAT(dreg,'%d.%m.%y %H:%i') as dreg,eml,phone,fe,postpaid,defserver,currency FROM dealers WHERE ((user='ssmm' or eml='') or (t_fname='' or t_lname='' 
or t_usr='')) and id=46SELECT id,user,sum,a,pwd,DATE_FORMAT(dreg,'%d.%m.%y %H:%i') as dreg,eml,phone,fe,postpaid,defserver,currency FROM dealers WHERE ((user='ssmm' or eml='') or (t_fname='' or t_lname='' 
or t_usr='')) and id=46SELECT id,user,sum,a,pwd,DATE_FORMAT(dreg,'%d.%m.%y %H:%i') as dreg,eml,phone,fe,postpaid,defserver,currency FROM dealers WHERE ((user='ssmm' or eml='') or (t_fname='' or t_lname='' 
or t_usr='')) and id=46SELECT id,user,sum,a,pwd,DATE_FORMAT(dreg,'%d.%m.%y %H:%i') as dreg,eml,phone,fe,postpaid,defserver,currency FROM dealers WHERE ((user='ssmm' or eml='') or (t_fname='' or t_lname='' 
or t_usr='')) and id=46SELECT id,user,sum,a,pwd,DATE_FORMAT(dreg,'%d.%m.%y %H:%i') as dreg,eml,phone,fe,postpaid,defserver,currency FROM dealers WHERE ((user='ssmm' or eml='') or (t_fname='' or t_lname='' 
or t_usr='')) and id=46SELECT id,user,sum,a,pwd,DATE_FORMAT(dreg,'%d.%m.%y %H:%i') as dreg,eml,phone,fe,postpaid,defserver,currency FROM dealers WHERE ((user='ssmm' or eml='') or (t_fname='' or t_lname='' 
or t_usr='')) and id=46SELECT id,user,sum,a,pwd,DATE_FORMAT(dreg,'%d.%m.%y %H:%i') as dreg,eml,phone,fe,postpaid,defserver,currency FROM dealers WHERE ((user='ssmm' or eml='') or (t_fname='' or t_lname='' 
or t_usr='')) and id=46SELECT id,user,sum,a,pwd,DATE_FORMAT(dreg,'%d.%m.%y %H:%i') as dreg,eml,phone,fe,postpaid,defserver,currency FROM dealers WHERE ((user='ssmm' or eml='') or (t_fname='' or t_lname='' 
or t_usr='')) and id=46SELECT id,user,sum,a,pwd,DATE_FORMAT(dreg,'%d.%m.%y %H:%i') as dreg,eml,phone,fe,postpaid,defserver,currency FROM dealers WHERE ((user='ssmm' or eml='') or (t_fname='' or t_lname='' 
or t_usr='')) and id=46SELECT id,user,sum,a,pwd,DATE_FORMAT(dreg,'%d.%m.%y %H:%i') as dreg,eml,phone,fe,postpaid,defserver,currency FROM dealers WHERE ((user='ssmm' or eml='') or (t_fname='' or t_lname='' 
or t_usr='')) and id=46SELECT id,user,sum,a,pwd,DATE_FORMAT(dreg,'%d.%m.%y %H:%i') as dreg,eml,phone,fe,postpaid,defserver,currency FROM dealers WHERE ((user='ssmm' or eml='') or (t_fname='' or t_lname='' 
or t_usr='')) and id=46SELECT id,user,sum,a,pwd,DATE_FORMAT(dreg,'%d.%m.%y %H:%i') as dreg,eml,phone,fe,postpaid,defserver,currency FROM dealers WHERE ((user='ssmm' or eml='') or (t_fname='' or t_lname='' 
or t_usr='')) and id=46SELECT id,user,sum,a,pwd,DATE_FORMAT(dreg,'%d.%m.%y %H:%i') as dreg,eml,phone,fe,postpaid,defserver,currency FROM dealers WHERE ((user='ssmm' or eml='') or (t_fname='' or t_lname='' 
or t_usr='')) and id=46SELECT id,user,sum,a,pwd,DATE_FORMAT(dreg,'%d.%m.%y %H:%i') as dreg,eml,phone,fe,postpaid,defserver,currency FROM dealers WHERE ((user='ssmm' or eml='') or (t_fname='' or t_lname='' 
or t_usr='')) and id=46SELECT id,user,sum,a,pwd,DATE_FORMAT(dreg,'%d.%m.%y %H:%i') as dreg,eml,phone,fe,postpaid,defserver,currency FROM dealers WHERE ((user='ssmm' or eml='') or (t_fname='' or t_lname='' 
or t_usr='')) and id=46SELECT id,user,sum,a,pwd,DATE_FORMAT(dreg,'%d.%m.%y %H:%i') as dreg,eml,phone,fe,postpaid,defserver,currency FROM dealers WHERE ((user='ssmm' or eml='') or (t_fname='' or t_lname='' 
or t_usr='')) and id=46SELECT id,user,sum,a,pwd,DATE_FORMAT(dreg,'%d.%m.%y %H:%i') as dreg,eml,phone,fe,postpaid,defserver,currency FROM dealers WHERE ((user='ssmm' or eml='') or (t_fname='' or t_lname='' 
or t_usr='')) and id=46SELECT id,user,sum,a,pwd,DATE_FORMAT(dreg,'%d.%m.%y %H:%i') as dreg,eml,phone,fe,postpaid,defserver,currency FROM dealers WHERE ((user='ssmm' or eml='') or (t_fname='' or t_lname='' 
or t_usr='')) and id=46SELECT id,user,sum,a,pwd,DATE_FORMAT(dreg,'%d.%m.%y %H:%i') as dreg,eml,phone,fe,postpaid,defserver,currency FROM dealers WHERE ((user='ssmm' or eml='') or (t_fname='' or t_lname='' 
or t_usr='')) and id=46SELECT id,user,sum,a,pwd,DATE_FORMAT(dreg,'%d.%m.%y %H:%i') as dreg,eml,phone,fe,postpaid,defserver,currency FROM dealers WHERE ((user='ssmm' or eml='') or (t_fname='' or t_lname='' 
or t_usr='')) and id=46SELECT id,user,sum,a,pwd,DATE_FORMAT(dreg,'%d.%m.%y %H:%i') as dreg,eml,phone,fe,postpaid,defserver,currency FROM dealers WHERE ((user='ssmm' or eml='') or (t_fname='' or t_lname='' 
or t_usr='')) and id=46SELECT id,user,sum,a,pwd,DATE_FORMAT(dreg,'%d.%m.%y %H:%i') as dreg,eml,phone,fe,postpaid,defserver,currency FROM dealers WHERE ((user='ssmm' or eml='') or (t_fname='' or t_lname='' 
or t_usr='')) and id=46SELECT id,user,sum,a,pwd,DATE_FORMAT(dreg,'%d.%m.%y %H:%i') as dreg,eml,phone,fe,postpaid,defserver,currency FROM dealers WHERE ((user='ssmm' or eml='') or (t_fname='' or t_lname='' 
or t_usr='')) and id=46SELECT id,user,sum,a,pwd,DATE_FORMAT(dreg,'%d.%m.%y %H:%i') as dreg,eml,phone,fe,postpaid,defserver,currency FROM dealers WHERE ((user='ssmm' or eml='') or (t_fname='' or t_lname='' 
or t_usr='')) and id=46SELECT id,user,sum,a,pwd,DATE_FORMAT(dreg,'%d.%m.%y %H:%i') as dreg,eml,phone,fe,postpaid,defserver,currency FROM dealers WHERE ((user='ssmm' or eml='') or (t_fname='' or t_lname='' 
or t_usr='')) and id=46SELECT id,user,sum,a,pwd,DATE_FORMAT(dreg,'%d.%m.%y %H:%i') as dreg,eml,phone,fe,postpaid,defserver,currency FROM dealers WHERE ((user='ssmm' or eml='') or (t_fname='' or t_lname='' 
or t_usr='')) and id=46SELECT id,user,sum,a,pwd,DATE_FORMAT(dreg,'%d.%m.%y %H:%i') as dreg,eml,phone,fe,postpaid,defserver,currency FROM dealers WHERE ((user='ssmm' or eml='') or (t_fname='' or t_lname='' 
or t_usr='')) and id=46SELECT id,user,sum,a,pwd,DATE_FORMAT(dreg,'%d.%m.%y %H:%i') as dreg,eml,phone,fe,postpaid,defserver,currency FROM dealers WHERE ((user='ssmm' or eml='') or (t_fname='' or t_lname='' 
or t_usr='')) and id=46SELECT id,user,sum,a,pwd,DATE_FORMAT(dreg,'%d.%m.%y %H:%i') as dreg,eml,phone,fe,postpaid,defserver,currency FROM dealers WHERE ((user='ssmm' or eml='') or (t_fname='' or t_lname='' 
or t_usr='')) and id=46SELECT id,user,sum,a,pwd,DATE_FORMAT(dreg,'%d.%m.%y %H:%i') as dreg,eml,phone,fe,postpaid,defserver,currency FROM dealers WHERE ((user='ssmm' or eml='') or (t_fname='' or t_lname='' 
or t_usr='')) and id=46SELECT id,user,sum,a,pwd,DATE_FORMAT(dreg,'%d.%m.%y %H:%i') as dreg,eml,phone,fe,postpaid,defserver,currency FROM dealers WHERE ((user='ssmm' or eml='') or (t_fname='' or t_lname='' 
or t_usr='')) and id=46SELECT id,user,sum,a,pwd,DATE_FORMAT(dreg,'%d.%m.%y %H:%i') as dreg,eml,phone,fe,postpaid,defserver,currency FROM dealers WHERE ((user='ssmm' or eml='') or (t_fname='' or t_lname='' 
or t_usr='')) and id=46SELECT id,user,sum,a,pwd,DATE_FORMAT(dreg,'%d.%m.%y %H:%i') as dreg,eml,phone,fe,postpaid,defserver,currency FROM dealers WHERE ((user='ssmm' or eml='') or (t_fname='' or t_lname='' 
or t_usr='')) and id=46SELECT id,user,sum,a,pwd,DATE_FORMAT(dreg,'%d.%m.%y %H:%i') as dreg,eml,phone,fe,postpaid,defserver,currency FROM dealers WHERE ((user='ssmm' or eml='') or (t_fname='' or t_lname='' 
or t_usr='')) and id=46SELECT id,user,sum,a,pwd,DATE_FORMAT(dreg,'%d.%m.%y %H:%i') as dreg,eml,phone,fe,postpaid,defserver,currency FROM dealers WHERE ((user='ssmm' or eml='') or (t_fname='' or t_lname='' 
or t_usr='')) and id=46SELECT id,user,sum,a,pwd,DATE_FORMAT(dreg,'%d.%m.%y %H:%i') as dreg,eml,phone,fe,postpaid,defserver,currency FROM dealers WHERE ((user='ssmm' or eml='') or (t_fname='' or t_lname='' 
or t_usr='')) and id=46SELECT id,user,sum,a,pwd,DATE_FORMAT(dreg,'%d.%m.%y %H:%i') as dreg,eml,phone,fe,postpaid,defserver,currency FROM dealers WHERE ((user='ssmm' or eml='') or (t_fname='' or t_lname='' 
or t_usr='')) and id=46SELECT id,user,sum,a,pwd,DATE_FORMAT(dreg,'%d.%m.%y %H:%i') as dreg,eml,phone,fe,postpaid,defserver,currency FROM dealers WHERE ((user='ssmm' or eml='') or (t_fname='' or t_lname='' 
or t_usr='')) and id=46SELECT id,user,sum,a,pwd,DATE_FORMAT(dreg,'%d.%m.%y %H:%i') as dreg,eml,phone,fe,postpaid,defserver,currency FROM dealers WHERE ((user='ssmm' or eml='') or (t_fname='' or t_lname='' 
or t_usr='')) and id=46SELECT id,user,sum,a,pwd,DATE_FORMAT(dreg,'%d.%m.%y %H:%i') as dreg,eml,phone,fe,postpaid,defserver,currency FROM dealers WHERE ((user='ssmm' or eml='') or (t_fname='' or t_lname='' 
or t_usr='')) and id=46SELECT id,user,sum,a,pwd,DATE_FORMAT(dreg,'%d.%m.%y %H:%i') as dreg,eml,phone,fe,postpaid,defserver,currency FROM dealers WHERE ((user='ssmm' or eml='') or (t_fname='' or t_lname='' 
or t_usr='')) and id=46SELECT id,user,sum,a,pwd,DATE_FORMAT(dreg,'%d.%m.%y %H:%i') as dreg,eml,phone,fe,postpaid,defserver,currency FROM dealers WHERE ((user='ssmm' or eml='') or (t_fname='' or t_lname='' 
or t_usr='')) and id=46SELECT id,user,sum,a,pwd,DATE_FORMAT(dreg,'%d.%m.%y %H:%i') as dreg,eml,phone,fe,postpaid,defserver,currency FROM dealers WHERE ((user='ssmm' or eml='') or (t_fname='' or t_lname='' 
or t_usr='')) and id=46SELECT id,user,sum,a,pwd,DATE_FORMAT(dreg,'%d.%m.%y %H:%i') as dreg,eml,phone,fe,postpaid,defserver,currency FROM dealers WHERE ((user='ssmm' or eml='') or (t_fname='' or t_lname='' 
or t_usr='')) and id=46SELECT id,user,sum,a,pwd,DATE_FORMAT(dreg,'%d.%m.%y %H:%i') as dreg,eml,phone,fe,postpaid,defserver,currency FROM dealers WHERE ((user='ssmm' or eml='') or (t_fname='' or t_lname='' 
or t_usr='')) and id=46SELECT id,user,sum,a,pwd,DATE_FORMAT(dreg,'%d.%m.%y %H:%i') as dreg,eml,phone,fe,postpaid,defserver,currency FROM dealers WHERE ((user='ssmm' or eml='') or (t_fname='' or t_lname='' 
or t_usr='')) and id=46SELECT id,user,sum,a,pwd,DATE_FORMAT(dreg,'%d.%m.%y %H:%i') as dreg,eml,phone,fe,postpaid,defserver,currency FROM dealers WHERE ((user='ssmm' or eml='') or (t_fname='' or t_lname='' 
or t_usr='')) and id=46SELECT id,user,sum,a,pwd,DATE_FORMAT(dreg,'%d.%m.%y %H:%i') as dreg,eml,phone,fe,postpaid,defserver,currency FROM dealers WHERE ((user='ssmm' or eml='') or (t_fname='' or t_lname='' 
or t_usr='')) and id=46SELECT id,user,sum,a,pwd,DATE_FORMAT(dreg,'%d.%m.%y %H:%i') as dreg,eml,phone,fe,postpaid,defserver,currency FROM dealers WHERE ((user='ssmm' or eml='') or (t_fname='' or t_lname='' 
or t_usr='')) and id=46SELECT id,user,sum,a,pwd,DATE_FORMAT(dreg,'%d.%m.%y %H:%i') as dreg,eml,phone,fe,postpaid,defserver,currency FROM dealers WHERE ((user='ssmm' or eml='') or (t_fname='' or t_lname='' 
or t_usr='')) and id=46SELECT id,user,sum,a,pwd,DATE_FORMAT(dreg,'%d.%m.%y %H:%i') as dreg,eml,phone,fe,postpaid,defserver,currency FROM dealers WHERE ((user='ssmm' or eml='') or (t_fname='' or t_lname='' 
or t_usr='')) and id=46SELECT id,user,sum,a,pwd,DATE_FORMAT(dreg,'%d.%m.%y %H:%i') as dreg,eml,phone,fe,postpaid,defserver,currency FROM dealers WHERE ((user='ssmm' or eml='') or (t_fname='' or t_lname='' 
or t_usr='')) and id=46SELECT id,user,sum,a,pwd,DATE_FORMAT(dreg,'%d.%m.%y %H:%i') as dreg,eml,phone,fe,postpaid,defserver,currency FROM dealers WHERE ((user='ssmm' or eml='') or (t_fname='' or t_lname='' 
or t_usr='')) and id=46SELECT id,user,sum,a,pwd,DATE_FORMAT(dreg,'%d.%m.%y %H:%i') as dreg,eml,phone,fe,postpaid,defserver,currency FROM dealers WHERE ((user='ssmm' or eml='') or (t_fname='' or t_lname='' 
or t_usr='')) and id=46SELECT id,user,sum,a,pwd,DATE_FORMAT(dreg,'%d.%m.%y %H:%i') as dreg,eml,phone,fe,postpaid,defserver,currency FROM dealers WHERE ((user='ssmm' or eml='') or (t_fname='' or t_lname='' 
or t_usr='')) and id=46SELECT id,user,sum,a,pwd,DATE_FORMAT(dreg,'%d.%m.%y %H:%i') as dreg,eml,phone,fe,postpaid,defserver,currency FROM dealers WHERE ((user='ssmm' or eml='') or (t_fname='' or t_lname='' 
or t_usr='')) and id=46SELECT id,user,sum,a,pwd,DATE_FORMAT(dreg,'%d.%m.%y %H:%i') as dreg,eml,phone,fe,postpaid,defserver,currency FROM dealers WHERE ((user='ssmm' or eml='') or (t_fname='' or t_lname='' 
or t_usr='')) and id=46SELECT id,user,sum,a,pwd,DATE_FORMAT(dreg,'%d.%m.%y %H:%i') as dreg,eml,phone,fe,postpaid,defserver,currency FROM dealers WHERE ((user='ssmm' or eml='') or (t_fname='' or t_lname='' 
or t_usr='')) and id=46SELECT id,user,sum,a,pwd,DATE_FORMAT(dreg,'%d.%m.%y %H:%i') as dreg,eml,phone,fe,postpaid,defserver,currency FROM dealers WHERE ((user='ssmm' or eml='') or (t_fname='' or t_lname='' 
or t_usr='')) and id=46SELECT id,user,sum,a,pwd,DATE_FORMAT(dreg,'%d.%m.%y %H:%i') as dreg,eml,phone,fe,postpaid,defserver,currency FROM dealers WHERE ((user='ssmm' or eml='') or (t_fname='' or t_lname='' 
or t_usr='')) and id=46SELECT id,user,sum,a,pwd,DATE_FORMAT(dreg,'%d.%m.%y %H:%i') as dreg,eml,phone,fe,postpaid,defserver,currency FROM dealers WHERE ((user='ssmm' or eml='') or (t_fname='' or t_lname='' 
or t_usr='')) and id=46SELECT id,user,sum,a,pwd,DATE_FORMAT(dreg,'%d.%m.%y %H:%i') as dreg,eml,phone,fe,postpaid,defserver,currency FROM dealers WHERE ((user='ssmm' or eml='') or (t_fname='' or t_lname='' 
or t_usr='')) and id=46SELECT id,user,sum,a,pwd,DATE_FORMAT(dreg,'%d.%m.%y %H:%i') as dreg,eml,phone,fe,postpaid,defserver,currency FROM dealers WHERE ((user='ssmm' or eml='') or (t_fname='' or t_lname='' 
or t_usr='')) and id=46SELECT id,user,sum,a,pwd,DATE_FORMAT(dreg,'%d.%m.%y %H:%i') as dreg,eml,phone,fe,postpaid,defserver,currency FROM dealers WHERE ((user='ssmm' or eml='') or (t_fname='' or t_lname='' 
or t_usr='')) and id=46SELECT id,user,sum,a,pwd,DATE_FORMAT(dreg,'%d.%m.%y %H:%i') as dreg,eml,phone,fe,postpaid,defserver,currency FROM dealers WHERE ((user='ssmm' or eml='') or (t_fname='' or t_lname='' 
or t_usr='')) and id=46SELECT id,user,sum,a,pwd,DATE_FORMAT(dreg,'%d.%m.%y %H:%i') as dreg,eml,phone,fe,postpaid,defserver,currency FROM dealers WHERE ((user='ssmm' or eml='') or (t_fname='' or t_lname='' 
or t_usr='')) and id=46SELECT id,user,sum,a,pwd,DATE_FORMAT(dreg,'%d.%m.%y %H:%i') as dreg,eml,phone,fe,postpaid,defserver,currency FROM dealers WHERE ((user='ssmm' or eml='') or (t_fname='' or t_lname='' 
or t_usr='')) and id=46SELECT id,user,sum,a,pwd,DATE_FORMAT(dreg,'%d.%m.%y %H:%i') as dreg,eml,phone,fe,postpaid,defserver,currency FROM dealers WHERE ((user='ssmm' or eml='') or (t_fname='' or t_lname='' 
or t_usr='')) and id=46SELECT id,user,sum,a,pwd,DATE_FORMAT(dreg,'%d.%m.%y %H:%i') as dreg,eml,phone,fe,postpaid,defserver,currency FROM dealers WHERE ((user='ssmm' or eml='') or (t_fname='' or t_lname='' 
or t_usr='')) and id=46SELECT id,user,sum,a,pwd,DATE_FORMAT(dreg,'%d.%m.%y %H:%i') as dreg,eml,phone,fe,postpaid,defserver,currency FROM dealers WHERE ((user='ssmm' or eml='') or (t_fname='' or t_lname='' 
or t_usr='')) and id=46SELECT id,user,sum,a,pwd,DATE_FORMAT(dreg,'%d.%m.%y %H:%i') as dreg,eml,phone,fe,postpaid,defserver,currency FROM dealers WHERE ((user='ssmm' or eml='') or (t_fname='' or t_lname='' 
or t_usr='')) and id=46SELECT id,user,sum,a,pwd,DATE_FORMAT(dreg,'%d.%m.%y %H:%i') as dreg,eml,phone,fe,postpaid,defserver,currency FROM dealers WHERE ((user='ssmm' or eml='') or (t_fname='' or t_lname='' 
or t_usr='')) and id=46SELECT id,user,sum,a,pwd,DATE_FORMAT(dreg,'%d.%m.%y %H:%i') as dreg,eml,phone,fe,postpaid,defserver,currency FROM dealers WHERE ((user='ssmm' or eml='') or (t_fname='' or t_lname='' 
or t_usr='')) and id=46SELECT id,user,sum,a,pwd,DATE_FORMAT(dreg,'%d.%m.%y %H:%i') as dreg,eml,phone,fe,postpaid,defserver,currency FROM dealers WHERE ((user='ssmm' or eml='') or (t_fname='' or t_lname='' 
or t_usr='')) and id=46SELECT id,user,sum,a,pwd,DATE_FORMAT(dreg,'%d.%m.%y %H:%i') as dreg,eml,phone,fe,postpaid,defserver,currency FROM dealers WHERE ((user='ssmm' or eml='') or (t_fname='' or t_lname='' 
or t_usr='')) and id=46SELECT id,user,sum,a,pwd,DATE_FORMAT(dreg,'%d.%m.%y %H:%i') as dreg,eml,phone,fe,postpaid,defserver,currency FROM dealers WHERE ((user='ssmm' or eml='') or (t_fname='' or t_lname='' 
or t_usr='')) and id=46SELECT id,user,sum,a,pwd,DATE_FORMAT(dreg,'%d.%m.%y %H:%i') as dreg,eml,phone,fe,postpaid,defserver,currency FROM dealers WHERE ((user='ssmm' or eml='') or (t_fname='' or t_lname='' 
or t_usr='')) and id=46SELECT id,user,sum,a,pwd,DATE_FORMAT(dreg,'%d.%m.%y %H:%i') as dreg,eml,phone,fe,postpaid,defserver,currency FROM dealers WHERE ((user='ssmm' or eml='') or (t_fname='' or t_lname='' 
or t_usr='')) and id=46SELECT id,user,sum,a,pwd,DATE_FORMAT(dreg,'%d.%m.%y %H:%i') as dreg,eml,phone,fe,postpaid,defserver,currency FROM dealers WHERE ((user='ssmm' or eml='') or (t_fname='' or t_lname='' 
or t_usr='')) and id=46SELECT id,user,sum,a,pwd,DATE_FORMAT(dreg,'%d.%m.%y %H:%i') as dreg,eml,phone,fe,postpaid,defserver,currency FROM dealers WHERE ((user='ssmm' or eml='') or (t_fname='' or t_lname='' 
or t_usr='')) and id=46SELECT id,user,sum,a,pwd,DATE_FORMAT(dreg,'%d.%m.%y %H:%i') as dreg,eml,phone,fe,postpaid,defserver,currency FROM dealers WHERE ((user='ssmm' or eml='') or (t_fname='' or t_lname='' 
or t_usr='')) and id=46SELECT id,user,sum,a,pwd,DATE_FORMAT(dreg,'%d.%m.%y %H:%i') as dreg,eml,phone,fe,postpaid,defserver,currency FROM dealers WHERE ((user='ssmm' or eml='') or (t_fname='' or t_lname='' 
or t_usr='')) and id=46SELECT id,user,sum,a,pwd,DATE_FORMAT(dreg,'%d.%m.%y %H:%i') as dreg,eml,phone,fe,postpaid,defserver,currency FROM dealers WHERE ((user='ssmm' or eml='') or (t_fname='' or t_lname='' 
or t_usr='')) and id=46SELECT id,user,sum,a,pwd,DATE_FORMAT(dreg,'%d.%m.%y %H:%i') as dreg,eml,phone,fe,postpaid,defserver,currency FROM dealers WHERE ((user='ssmm' or eml='') or (t_fname='' or t_lname='' 
or t_usr='')) and id=46SELECT id,user,sum,a,pwd,DATE_FORMAT(dreg,'%d.%m.%y %H:%i') as dreg,eml,phone,fe,postpaid,defserver,currency FROM dealers WHERE ((user='ssmm' or eml='') or (t_fname='' or t_lname='' 
or t_usr='')) and id=46SELECT id,user,sum,a,pwd,DATE_FORMAT(dreg,'%d.%m.%y %H:%i') as dreg,eml,phone,fe,postpaid,defserver,currency FROM dealers WHERE ((user='ssmm' or eml='') or (t_fname='' or t_lname='' 
or t_usr='')) and id=46SELECT id,user,sum,a,pwd,DATE_FORMAT(dreg,'%d.%m.%y %H:%i') as dreg,eml,phone,fe,postpaid,defserver,currency FROM dealers WHERE ((user='ssmm' or eml='') or (t_fname='' or t_lname='' 
or t_usr='')) and id=46SELECT id,user,sum,a,pwd,DATE_FORMAT(dreg,'%d.%m.%y %H:%i') as dreg,eml,phone,fe,postpaid,defserver,currency FROM dealers WHERE ((user='ssmm' or eml='') or (t_fname='' or t_lname='' 
or t_usr='')) and id=46SELECT id,user,sum,a,pwd,DATE_FORMAT(dreg,'%d.%m.%y %H:%i') as dreg,eml,phone,fe,postpaid,defserver,currency FROM dealers WHERE ((user='ssmm' or eml='') or (t_fname='' or t_lname='' 
or t_usr='')) and id=46SELECT id,user,sum,a,pwd,DATE_FORMAT(dreg,'%d.%m.%y %H:%i') as dreg,eml,phone,fe,postpaid,defserver,currency FROM dealers WHERE ((user='ssmm' or eml='') or (t_fname='' or t_lname='' 
or t_usr='')) and id=46SELECT id,user,sum,a,pwd,DATE_FORMAT(dreg,'%d.%m.%y %H:%i') as dreg,eml,phone,fe,postpaid,defserver,currency FROM dealers WHERE ((user='ssmm' or eml='') or (t_fname='' or t_lname='' 
or t_usr='')) and id=46SELECT id,user,sum,a,pwd,DATE_FORMAT(dreg,'%d.%m.%y %H:%i') as dreg,eml,phone,fe,postpaid,defserver,currency FROM dealers WHERE ((user='ssmm' or eml='') or (t_fname='' or t_lname='' 
or t_usr='')) and id=46SELECT id,user,sum,a,pwd,DATE_FORMAT(dreg,'%d.%m.%y %H:%i') as dreg,eml,phone,fe,postpaid,defserver,currency FROM dealers WHERE ((user='ssmm' or eml='') or (t_fname='' or t_lname='' 
or t_usr='')) and id=46SELECT id,user,sum,a,pwd,DATE_FORMAT(dreg,'%d.%m.%y %H:%i') as dreg,eml,phone,fe,postpaid,defserver,currency FROM dealers WHERE ((user='ssmm' or eml='') or (t_fname='' or t_lname='' 
or t_usr='')) and id=46SELECT id,user,sum,a,pwd,DATE_FORMAT(dreg,'%d.%m.%y %H:%i') as dreg,eml,phone,fe,postpaid,defserver,currency FROM dealers WHERE ((user='ssmm' or eml='') or (t_fname='' or t_lname='' 
or t_usr='')) and id=46SELECT id,user,sum,a,pwd,DATE_FORMAT(dreg,'%d.%m.%y %H:%i') as dreg,eml,phone,fe,postpaid,defserver,currency FROM dealers WHERE ((user='ssmm' or eml='') or (t_fname='' or t_lname='' 
or t_usr='')) and id=46SELECT id,user,sum,a,pwd,DATE_FORMAT(dreg,'%d.%m.%y %H:%i') as dreg,eml,phone,fe,postpaid,defserver,currency FROM dealers WHERE ((user='ssmm' or eml='') or (t_fname='' or t_lname='' 
or t_usr='')) and id=46SELECT id,user,sum,a,pwd,DATE_FORMAT(dreg,'%d.%m.%y %H:%i') as dreg,eml,phone,fe,postpaid,defserver,currency FROM dealers WHERE ((user='ssmm' or eml='') or (t_fname='' or t_lname='' 
or t_usr='')) and id=46SELECT id,user,sum,a,pwd,DATE_FORMAT(dreg,'%d.%m.%y %H:%i') as dreg,eml,phone,fe,postpaid,defserver,currency FROM dealers WHERE ((user='ssmm' or eml='') or (t_fname='' or t_lname='' 
or t_usr='')) and id=46SELECT id,user,sum,a,pwd,DATE_FORMAT(dreg,'%d.%m.%y %H:%i') as dreg,eml,phone,fe,postpaid,defserver,currency FROM dealers WHERE ((user='ssmm' or eml='') or (t_fname='' or t_lname='' 
or t_usr='')) and id=46SELECT id,user,sum,a,pwd,DATE_FORMAT(dreg,'%d.%m.%y %H:%i') as dreg,eml,phone,fe,postpaid,defserver,currency FROM dealers WHERE ((user='ssmm' or eml='') or (t_fname='' or t_lname='' 
or t_usr='')) and id=46SELECT id,user,sum,a,pwd,DATE_FORMAT(dreg,'%d.%m.%y %H:%i') as dreg,eml,phone,fe,postpaid,defserver,currency FROM dealers WHERE ((user='ssmm' or eml='') or (t_fname='' or t_lname='' 
or t_usr='')) and id=46SELECT id,user,sum,a,pwd,DATE_FORMAT(dreg,'%d.%m.%y %H:%i') as dreg,eml,phone,fe,postpaid,defserver,currency FROM dealers WHERE ((user='ssmm' or eml='') or (t_fname='' or t_lname='' 
or t_usr='')) and id=46SELECT id,user,sum,a,pwd,DATE_FORMAT(dreg,'%d.%m.%y %H:%i') as dreg,eml,phone,fe,postpaid,defserver,currency FROM dealers WHERE ((user='ssmm' or eml='') or (t_fname='' or t_lname='' 
or t_usr='')) and id=46SELECT id,user,sum,a,pwd,DATE_FORMAT(dreg,'%d.%m.%y %H:%i') as dreg,eml,phone,fe,postpaid,defserver,currency FROM dealers WHERE ((user='ssmm' or eml='') or (t_fname='' or t_lname='' 
or t_usr='')) and id=46SELECT id,user,sum,a,pwd,DATE_FORMAT(dreg,'%d.%m.%y %H:%i') as dreg,eml,phone,fe,postpaid,defserver,currency FROM dealers WHERE ((user='ssmm' or eml='') or (t_fname='' or t_lname='' 
or t_usr='')) and id=46SELECT id,user,sum,a,pwd,DATE_FORMAT(dreg,'%d.%m.%y %H:%i') as dreg,eml,phone,fe,postpaid,defserver,currency FROM dealers WHERE ((user='ssmm' or eml='') or (t_fname='' or t_lname='' 
or t_usr='')) and id=46SELECT id,user,sum,a,pwd,DATE_FORMAT(dreg,'%d.%m.%y %H:%i') as dreg,eml,phone,fe,postpaid,defserver,currency FROM dealers WHERE ((user='ssmm' or eml='') or (t_fname='' or t_lname='' 
or t_usr='')) and id=46SELECT id,user,sum,a,pwd,DATE_FORMAT(dreg,'%d.%m.%y %H:%i') as dreg,eml,phone,fe,postpaid,defserver,currency FROM dealers WHERE ((user='ssmm' or eml='') or (t_fname='' or t_lname='' 
or t_usr='')) and id=46SELECT id,user,sum,a,pwd,DATE_FORMAT(dreg,'%d.%m.%y %H:%i') as dreg,eml,phone,fe,postpaid,defserver,currency FROM dealers WHERE ((user='ssmm' or eml='') or (t_fname='' or t_lname='' 
or t_usr='')) and id=46SELECT id,user,sum,a,pwd,DATE_FORMAT(dreg,'%d.%m.%y %H:%i') as dreg,eml,phone,fe,postpaid,defserver,currency FROM dealers WHERE ((user='ssmm' or eml='') or (t_fname='' or t_lname='' 
or t_usr='')) and id=46SELECT id,user,sum,a,pwd,DATE_FORMAT(dreg,'%d.%m.%y %H:%i') as dreg,eml,phone,fe,postpaid,defserver,currency FROM dealers WHERE ((user='ssmm' or eml='') or (t_fname='' or t_lname='' 
or t_usr='')) and id=46SELECT id,user,sum,a,pwd,DATE_FORMAT(dreg,'%d.%m.%y %H:%i') as dreg,eml,phone,fe,postpaid,defserver,currency FROM dealers WHERE ((user='ssmm' or eml='') or (t_fname='' or t_lname='' 
or t_usr='')) and id=46SELECT id,user,sum,a,pwd,DATE_FORMAT(dreg,'%d.%m.%y %H:%i') as dreg,eml,phone,fe,postpaid,defserver,currency FROM dealers WHERE ((user='ssmm' or eml='') or (t_fname='' or t_lname='' 
or t_usr='')) and id=46SELECT id,user,sum,a,pwd,DATE_FORMAT(dreg,'%d.%m.%y %H:%i') as dreg,eml,phone,fe,postpaid,defserver,currency FROM dealers WHERE ((user='ssmm' or eml='') or (t_fname='' or t_lname='' 
or t_usr='')) and id=46SELECT id,user,sum,a,pwd,DATE_FORMAT(dreg,'%d.%m.%y %H:%i') as dreg,eml,phone,fe,postpaid,defserver,currency FROM dealers WHERE ((user='ssmm' or eml='') or (t_fname='' or t_lname='' 
or t_usr='')) and id=46SELECT id,user,sum,a,pwd,DATE_FORMAT(dreg,'%d.%m.%y %H:%i') as dreg,eml,phone,fe,postpaid,defserver,currency FROM dealers WHERE ((user='ssmm' or eml='') or (t_fname='' or t_lname='' 
or t_usr='')) and id=46SELECT id,user,sum,a,pwd,DATE_FORMAT(dreg,'%d.%m.%y %H:%i') as dreg,eml,phone,fe,postpaid,defserver,currency FROM dealers WHERE ((user='ssmm' or eml='') or (t_fname='' or t_lname='' 
or t_usr='')) and id=46SELECT id,user,sum,a,pwd,DATE_FORMAT(dreg,'%d.%m.%y %H:%i') as dreg,eml,phone,fe,postpaid,defserver,currency FROM dealers WHERE ((user='ssmm' or eml='') or (t_fname='' or t_lname='' 
or t_usr='')) and id=46SELECT id,user,sum,a,pwd,DATE_FORMAT(dreg,'%d.%m.%y %H:%i') as dreg,eml,phone,fe,postpaid,defserver,currency FROM dealers WHERE ((user='ssmm' or eml='') or (t_fname='' or t_lname='' 
or t_usr='')) and id=46SELECT id,user,sum,a,pwd,DATE_FORMAT(dreg,'%d.%m.%y %H:%i') as dreg,eml,phone,fe,postpaid,defserver,currency FROM dealers WHERE ((user='ssmm' or eml='') or (t_fname='' or t_lname='' 
or t_usr='')) and id=46SELECT id,user,sum,a,pwd,DATE_FORMAT(dreg,'%d.%m.%y %H:%i') as dreg,eml,phone,fe,postpaid,defserver,currency FROM dealers WHERE ((user='ssmm' or eml='') or (t_fname='' or t_lname='' 
or t_usr='')) and id=46SELECT id,user,sum,a,pwd,DATE_FORMAT(dreg,'%d.%m.%y %H:%i') as dreg,eml,phone,fe,postpaid,defserver,currency FROM dealers WHERE ((user='ssmm' or eml='') or (t_fname='' or t_lname='' 
or t_usr='')) and id=46SELECT id,user,sum,a,pwd,DATE_FORMAT(dreg,'%d.%m.%y %H:%i') as dreg,eml,phone,fe,postpaid,defserver,currency FROM dealers WHERE ((user='ssmm' or eml='') or (t_fname='' or t_lname='' 
or t_usr='')) and id=46SELECT id,user,sum,a,pwd,DATE_FORMAT(dreg,'%d.%m.%y %H:%i') as dreg,eml,phone,fe,postpaid,defserver,currency FROM dealers WHERE ((user='ssmm' or eml='') or (t_fname='' or t_lname='' 
or t_usr='')) and id=46SELECT id,user,sum,a,pwd,DATE_FORMAT(dreg,'%d.%m.%y %H:%i') as dreg,eml,phone,fe,postpaid,defserver,currency FROM dealers WHERE ((user='ssmm' or eml='') or (t_fname='' or t_lname='' 
or t_usr='')) and id=46SELECT id,user,sum,a,pwd,DATE_FORMAT(dreg,'%d.%m.%y %H:%i') as dreg,eml,phone,fe,postpaid,defserver,currency FROM dealers WHERE ((user='ssmm' or eml='') or (t_fname='' or t_lname='' 
or t_usr='')) and id=46SELECT id,user,sum,a,pwd,DATE_FORMAT(dreg,'%d.%m.%y %H:%i') as dreg,eml,phone,fe,postpaid,defserver,currency FROM dealers WHERE ((user='ssmm' or eml='') or (t_fname='' or t_lname='' 
or t_usr='')) and id=46SELECT id,user,sum,a,pwd,DATE_FORMAT(dreg,'%d.%m.%y %H:%i') as dreg,eml,phone,fe,postpaid,defserver,currency FROM dealers WHERE ((user='ssmm' or eml='') or (t_fname='' or t_lname='' 
or t_usr='')) and id=46SELECT id,user,sum,a,pwd,DATE_FORMAT(dreg,'%d.%m.%y %H:%i') as dreg,eml,phone,fe,postpaid,defserver,currency FROM dealers WHERE ((user='ssmm' or eml='') or (t_fname='' or t_lname='' 
or t_usr='')) and id=46SELECT id,user,sum,a,pwd,DATE_FORMAT(dreg,'%d.%m.%y %H:%i') as dreg,eml,phone,fe,postpaid,defserver,currency FROM dealers WHERE ((user='ssmm' or eml='') or (t_fname='' or t_lname='' 
or t_usr='')) and id=46SELECT id,user,sum,a,pwd,DATE_FORMAT(dreg,'%d.%m.%y %H:%i') as dreg,eml,phone,fe,postpaid,defserver,currency FROM dealers WHERE ((user='ssmm' or eml='') or (t_fname='' or t_lname='' 
or t_usr='')) and id=46SELECT id,user,sum,a,pwd,DATE_FORMAT(dreg,'%d.%m.%y %H:%i') as dreg,eml,phone,fe,postpaid,defserver,currency FROM dealers WHERE ((user='ssmm' or eml='') or (t_fname='' or t_lname='' 
or t_usr='')) and id=46SELECT id,user,sum,a,pwd,DATE_FORMAT(dreg,'%d.%m.%y %H:%i') as dreg,eml,phone,fe,postpaid,defserver,currency FROM dealers WHERE ((user='ssmm' or eml='') or (t_fname='' or t_lname='' 
or t_usr='')) and id=46SELECT id,user,sum,a,pwd,DATE_FORMAT(dreg,'%d.%m.%y %H:%i') as dreg,eml,phone,fe,postpaid,defserver,currency FROM dealers WHERE ((user='ssmm' or eml='') or (t_fname='' or t_lname='' 
or t_usr='')) and id=46SELECT id,user,sum,a,pwd,DATE_FORMAT(dreg,'%d.%m.%y %H:%i') as dreg,eml,phone,fe,postpaid,defserver,currency FROM dealers WHERE ((user='ssmm' or eml='') or (t_fname='' or t_lname='' 
or t_usr='')) and id=46SELECT id,user,sum,a,pwd,DATE_FORMAT(dreg,'%d.%m.%y %H:%i') as dreg,eml,phone,fe,postpaid,defserver,currency FROM dealers WHERE ((user='ssmm' or eml='') or (t_fname='' or t_lname='' 
or t_usr='')) and id=46SELECT id,user,sum,a,pwd,DATE_FORMAT(dreg,'%d.%m.%y %H:%i') as dreg,eml,phone,fe,postpaid,defserver,currency FROM dealers WHERE ((user='ssmm' or eml='') or (t_fname='' or t_lname='' 
or t_usr='')) and id=46SELECT id,user,sum,a,pwd,DATE_FORMAT(dreg,'%d.%m.%y %H:%i') as dreg,eml,phone,fe,postpaid,defserver,currency FROM dealers WHERE ((user='ssmm' or eml='') or (t_fname='' or t_lname='' 
or t_usr='')) and id=46SELECT id,user,sum,a,pwd,DATE_FORMAT(dreg,'%d.%m.%y %H:%i') as dreg,eml,phone,fe,postpaid,defserver,currency FROM dealers WHERE ((user='ssmm' or eml='') or (t_fname='' or t_lname='' 
or t_usr='')) and id=46SELECT id,user,sum,a,pwd,DATE_FORMAT(dreg,'%d.%m.%y %H:%i') as dreg,eml,phone,fe,postpaid,defserver,currency FROM dealers WHERE ((user='ssmm' or eml='') or (t_fname='' or t_lname='' 
or t_usr='')) and id=46SELECT id,user,sum,a,pwd,DATE_FORMAT(dreg,'%d.%m.%y %H:%i') as dreg,eml,phone,fe,postpaid,defserver,currency FROM dealers WHERE ((user='ssmm' or eml='') or (t_fname='' or t_lname='' 
or t_usr='')) and id=46SELECT id,user,sum,a,pwd,DATE_FORMAT(dreg,'%d.%m.%y %H:%i') as dreg,eml,phone,fe,postpaid,defserver,currency FROM dealers WHERE ((user='ssmm' or eml='') or (t_fname='' or t_lname='' 
or t_usr='')) and id=46SELECT id,user,sum,a,pwd,DATE_FORMAT(dreg,'%d.%m.%y %H:%i') as dreg,eml,phone,fe,postpaid,defserver,currency FROM dealers WHERE ((user='ssmm' or eml='') or (t_fname='' or t_lname='' 
or t_usr='')) and id=46SELECT id,user,sum,a,pwd,DATE_FORMAT(dreg,'%d.%m.%y %H:%i') as dreg,eml,phone,fe,postpaid,defserver,currency FROM dealers WHERE ((user='ssmm' or eml='') or (t_fname='' or t_lname='' 
or t_usr='')) and id=46SELECT id,user,sum,a,pwd,DATE_FORMAT(dreg,'%d.%m.%y %H:%i') as dreg,eml,phone,fe,postpaid,defserver,currency FROM dealers WHERE ((user='ssmm' or eml='') or (t_fname='' or t_lname='' 
or t_usr='')) and id=46SELECT id,user,sum,a,pwd,DATE_FORMAT(dreg,'%d.%m.%y %H:%i') as dreg,eml,phone,fe,postpaid,defserver,currency FROM dealers WHERE ((user='ssmm' or eml='') or (t_fname='' or t_lname='' 
or t_usr='')) and id=46SELECT id,user,sum,a,pwd,DATE_FORMAT(dreg,'%d.%m.%y %H:%i') as dreg,eml,phone,fe,postpaid,defserver,currency FROM dealers WHERE ((user='Miller' or eml='') or (t_fname='' or t_lname='' 
or t_usr='')) and id=100001325SELECT id,user,sum,a,pwd,DATE_FORMAT(dreg,'%d.%m.%y %H:%i') as dreg,eml,phone,fe,postpaid,defserver,currency FROM dealers WHERE ((user='Miller' or eml='') or (t_fname='' or t_lname='' 
or t_usr='')) and id=100001325SELECT id,user,sum,a,pwd,DATE_FORMAT(dreg,'%d.%m.%y %H:%i') as dreg,eml,phone,fe,postpaid,defserver,currency FROM dealers WHERE ((user='Miller' or eml='') or (t_fname='' or t_lname='' 
or t_usr='')) and id=100001325SELECT id,user,sum,a,pwd,DATE_FORMAT(dreg,'%d.%m.%y %H:%i') as dreg,eml,phone,fe,postpaid,defserver,currency FROM dealers WHERE ((user='ssmm' or eml='') or (t_fname='' or t_lname='' 
or t_usr='')) and id=46SELECT id,user,sum,a,pwd,DATE_FORMAT(dreg,'%d.%m.%y %H:%i') as dreg,eml,phone,fe,postpaid,defserver,currency FROM dealers WHERE ((user='ssmm' or eml='') or (t_fname='' or t_lname='' 
or t_usr='')) and id=46SELECT id,user,sum,a,pwd,DATE_FORMAT(dreg,'%d.%m.%y %H:%i') as dreg,eml,phone,fe,postpaid,defserver,currency FROM dealers WHERE ((user='ssmm' or eml='') or (t_fname='' or t_lname='' 
or t_usr='')) and id=46SELECT id,user,sum,a,pwd,DATE_FORMAT(dreg,'%d.%m.%y %H:%i') as dreg,eml,phone,fe,postpaid,defserver,currency FROM dealers WHERE ((user='zamir' or eml='') or (t_fname='' or t_lname='' 
or t_usr='')) and id=50SELECT id,user,sum,a,pwd,DATE_FORMAT(dreg,'%d.%m.%y %H:%i') as dreg,eml,phone,fe,postpaid,defserver,currency FROM dealers WHERE ((user='zamir' or eml='') or (t_fname='' or t_lname='' 
or t_usr='')) and id=50SELECT id,user,sum,a,pwd,DATE_FORMAT(dreg,'%d.%m.%y %H:%i') as dreg,eml,phone,fe,postpaid,defserver,currency FROM dealers WHERE ((user='zamir' or eml='') or (t_fname='' or t_lname='' 
or t_usr='')) and id=50SELECT id,user,sum,a,pwd,DATE_FORMAT(dreg,'%d.%m.%y %H:%i') as dreg,eml,phone,fe,postpaid,defserver,currency FROM dealers WHERE ((user='zamir' or eml='') or (t_fname='' or t_lname='' 
or t_usr='')) and id=50SELECT id,user,sum,a,pwd,DATE_FORMAT(dreg,'%d.%m.%y %H:%i') as dreg,eml,phone,fe,postpaid,defserver,currency FROM dealers WHERE ((user='zamir' or eml='') or (t_fname='' or t_lname='' 
or t_usr='')) and id=50SELECT id,user,sum,a,pwd,DATE_FORMAT(dreg,'%d.%m.%y %H:%i') as dreg,eml,phone,fe,postpaid,defserver,currency FROM dealers WHERE ((user='zamir' or eml='') or (t_fname='' or t_lname='' 
or t_usr='')) and id=50SELECT id,user,sum,a,pwd,DATE_FORMAT(dreg,'%d.%m.%y %H:%i') as dreg,eml,phone,fe,postpaid,defserver,currency FROM dealers WHERE ((user='zamir' or eml='') or (t_fname='' or t_lname='' 
or t_usr='')) and id=50SELECT id,user,sum,a,pwd,DATE_FORMAT(dreg,'%d.%m.%y %H:%i') as dreg,eml,phone,fe,postpaid,defserver,currency FROM dealers WHERE ((user='zamir' or eml='') or (t_fname='' or t_lname='' 
or t_usr='')) and id=50SELECT id,user,sum,a,pwd,DATE_FORMAT(dreg,'%d.%m.%y %H:%i') as dreg,eml,phone,fe,postpaid,defserver,currency FROM dealers WHERE ((user='ssmm' or eml='') or (t_fname='' or t_lname='' 
or t_usr='')) and id=46SELECT id,user,sum,a,pwd,DATE_FORMAT(dreg,'%d.%m.%y %H:%i') as dreg,eml,phone,fe,postpaid,defserver,currency FROM dealers WHERE ((user='ssmm' or eml='') or (t_fname='' or t_lname='' 
or t_usr='')) and id=46SELECT id,user,sum,a,pwd,DATE_FORMAT(dreg,'%d.%m.%y %H:%i') as dreg,eml,phone,fe,postpaid,defserver,currency FROM dealers WHERE ((user='Miller' or eml='') or (t_fname='' or t_lname='' 
or t_usr='')) and id=100001325SELECT id,user,sum,a,pwd,DATE_FORMAT(dreg,'%d.%m.%y %H:%i') as dreg,eml,phone,fe,postpaid,defserver,currency FROM dealers WHERE ((user='Miller' or eml='') or (t_fname='' or t_lname='' 
or t_usr='')) and id=100001325SELECT id,user,sum,a,pwd,DATE_FORMAT(dreg,'%d.%m.%y %H:%i') as dreg,eml,phone,fe,postpaid,defserver,currency FROM dealers WHERE ((user='ssmm' or eml='') or (t_fname='' or t_lname='' 
or t_usr='')) and id=46SELECT id,user,sum,a,pwd,DATE_FORMAT(dreg,'%d.%m.%y %H:%i') as dreg,eml,phone,fe,postpaid,defserver,currency FROM dealers WHERE ((user='ssmm' or eml='') or (t_fname='' or t_lname='' 
or t_usr='')) and id=46SELECT id,user,sum,a,pwd,DATE_FORMAT(dreg,'%d.%m.%y %H:%i') as dreg,eml,phone,fe,postpaid,defserver,currency FROM dealers WHERE ((user='ssmm' or eml='') or (t_fname='' or t_lname='' 
or t_usr='')) and id=46SELECT id,user,sum,a,pwd,DATE_FORMAT(dreg,'%d.%m.%y %H:%i') as dreg,eml,phone,fe,postpaid,defserver,currency FROM dealers WHERE ((user='armen' or eml='') or (t_fname='' or t_lname='' 
or t_usr='')) and id=11SELECT id,user,sum,a,pwd,DATE_FORMAT(dreg,'%d.%m.%y %H:%i') as dreg,eml,phone,fe,postpaid,defserver,currency FROM dealers WHERE ((user='armen' or eml='') or (t_fname='' or t_lname='' 
or t_usr='')) and id=11SELECT id,user,sum,a,pwd,DATE_FORMAT(dreg,'%d.%m.%y %H:%i') as dreg,eml,phone,fe,postpaid,defserver,currency FROM dealers WHERE ((user='ssmm' or eml='') or (t_fname='' or t_lname='' 
or t_usr='')) and id=46SELECT id,user,sum,a,pwd,DATE_FORMAT(dreg,'%d.%m.%y %H:%i') as dreg,eml,phone,fe,postpaid,defserver,currency FROM dealers WHERE ((user='ssmm' or eml='') or (t_fname='' or t_lname='' 
or t_usr='')) and id=46SELECT id,user,sum,a,pwd,DATE_FORMAT(dreg,'%d.%m.%y %H:%i') as dreg,eml,phone,fe,postpaid,defserver,currency FROM dealers WHERE ((user='ssmm' or eml='') or (t_fname='' or t_lname='' 
or t_usr='')) and id=46SELECT id,user,sum,a,pwd,DATE_FORMAT(dreg,'%d.%m.%y %H:%i') as dreg,eml,phone,fe,postpaid,defserver,currency FROM dealers WHERE ((user='ssmm' or eml='') or (t_fname='' or t_lname='' 
or t_usr='')) and id=46SELECT id,user,sum,a,pwd,DATE_FORMAT(dreg,'%d.%m.%y %H:%i') as dreg,eml,phone,fe,postpaid,defserver,currency FROM dealers WHERE ((user='ssmm' or eml='') or (t_fname='' or t_lname='' 
or t_usr='')) and id=46SELECT id,user,sum,a,pwd,DATE_FORMAT(dreg,'%d.%m.%y %H:%i') as dreg,eml,phone,fe,postpaid,defserver,currency FROM dealers WHERE ((user='ssmm' or eml='') or (t_fname='' or t_lname='' 
or t_usr='')) and id=46SELECT id,user,sum,a,pwd,DATE_FORMAT(dreg,'%d.%m.%y %H:%i') as dreg,eml,phone,fe,postpaid,defserver,currency FROM dealers WHERE ((user='ssmm' or eml='') or (t_fname='' or t_lname='' 
or t_usr='')) and id=46SELECT id,user,sum,a,pwd,DATE_FORMAT(dreg,'%d.%m.%y %H:%i') as dreg,eml,phone,fe,postpaid,defserver,currency FROM dealers WHERE ((user='rustam' or eml='') or (t_fname='' or t_lname='' 
or t_usr='')) and id=100000175SELECT id,user,sum,a,pwd,DATE_FORMAT(dreg,'%d.%m.%y %H:%i') as dreg,eml,phone,fe,postpaid,defserver,currency FROM dealers WHERE ((user='rustam' or eml='') or (t_fname='' or t_lname='' 
or t_usr='')) and id=100000175SELECT id,user,sum,a,pwd,DATE_FORMAT(dreg,'%d.%m.%y %H:%i') as dreg,eml,phone,fe,postpaid,defserver,currency FROM dealers WHERE ((user='rustam' or eml='') or (t_fname='' or t_lname='' 
or t_usr='')) and id=100000175SELECT id,user,sum,a,pwd,DATE_FORMAT(dreg,'%d.%m.%y %H:%i') as dreg,eml,phone,fe,postpaid,defserver,currency FROM dealers WHERE ((user='rustam' or eml='') or (t_fname='' or t_lname='' 
or t_usr='')) and id=100000175SELECT id,user,sum,a,pwd,DATE_FORMAT(dreg,'%d.%m.%y %H:%i') as dreg,eml,phone,fe,postpaid,defserver,currency FROM dealers WHERE ((user='rustam' or eml='') or (t_fname='' or t_lname='' 
or t_usr='')) and id=100000175SELECT id,user,sum,a,pwd,DATE_FORMAT(dreg,'%d.%m.%y %H:%i') as dreg,eml,phone,fe,postpaid,defserver,currency FROM dealers WHERE ((user='armen' or eml='') or (t_fname='' or t_lname='' 
or t_usr='')) and id=11SELECT id,user,sum,a,pwd,DATE_FORMAT(dreg,'%d.%m.%y %H:%i') as dreg,eml,phone,fe,postpaid,defserver,currency FROM dealers WHERE ((user='armen' or eml='') or (t_fname='' or t_lname='' 
or t_usr='')) and id=11SELECT id,user,sum,a,pwd,DATE_FORMAT(dreg,'%d.%m.%y %H:%i') as dreg,eml,phone,fe,postpaid,defserver,currency FROM dealers WHERE ((user='armen' or eml='') or (t_fname='' or t_lname='' 
or t_usr='')) and id=11SELECT id,user,sum,a,pwd,DATE_FORMAT(dreg,'%d.%m.%y %H:%i') as dreg,eml,phone,fe,postpaid,defserver,currency FROM dealers WHERE ((user='ssmm' or eml='') or (t_fname='' or t_lname='' 
or t_usr='')) and id=46SELECT id,user,sum,a,pwd,DATE_FORMAT(dreg,'%d.%m.%y %H:%i') as dreg,eml,phone,fe,postpaid,defserver,currency FROM dealers WHERE ((user='rustam' or eml='') or (t_fname='' or t_lname='' 
or t_usr='')) and id=100000175SELECT id,user,sum,a,pwd,DATE_FORMAT(dreg,'%d.%m.%y %H:%i') as dreg,eml,phone,fe,postpaid,defserver,currency FROM dealers WHERE ((user='rustam' or eml='') or (t_fname='' or t_lname='' 
or t_usr='')) and id=100000175SELECT id,user,sum,a,pwd,DATE_FORMAT(dreg,'%d.%m.%y %H:%i') as dreg,eml,phone,fe,postpaid,defserver,currency FROM dealers WHERE ((user='rustam' or eml='') or (t_fname='' or t_lname='' 
or t_usr='')) and id=100000175SELECT id,user,sum,a,pwd,DATE_FORMAT(dreg,'%d.%m.%y %H:%i') as dreg,eml,phone,fe,postpaid,defserver,currency FROM dealers WHERE ((user='rustam' or eml='') or (t_fname='' or t_lname='' 
or t_usr='')) and id=100000175SELECT id,user,sum,a,pwd,DATE_FORMAT(dreg,'%d.%m.%y %H:%i') as dreg,eml,phone,fe,postpaid,defserver,currency FROM dealers WHERE ((user='rustam' or eml='') or (t_fname='' or t_lname='' 
or t_usr='')) and id=100000175SELECT id,user,sum,a,pwd,DATE_FORMAT(dreg,'%d.%m.%y %H:%i') as dreg,eml,phone,fe,postpaid,defserver,currency FROM dealers WHERE ((user='ssmm' or eml='') or (t_fname='' or t_lname='' 
or t_usr='')) and id=46SELECT id,user,sum,a,pwd,DATE_FORMAT(dreg,'%d.%m.%y %H:%i') as dreg,eml,phone,fe,postpaid,defserver,currency FROM dealers WHERE ((user='ssmm' or eml='') or (t_fname='' or t_lname='' 
or t_usr='')) and id=46SELECT id,user,sum,a,pwd,DATE_FORMAT(dreg,'%d.%m.%y %H:%i') as dreg,eml,phone,fe,postpaid,defserver,currency FROM dealers WHERE ((user='ssmm' or eml='') or (t_fname='' or t_lname='' 
or t_usr='')) and id=46SELECT id,user,sum,a,pwd,DATE_FORMAT(dreg,'%d.%m.%y %H:%i') as dreg,eml,phone,fe,postpaid,defserver,currency FROM dealers WHERE ((user='zamir' or eml='') or (t_fname='' or t_lname='' 
or t_usr='')) and id=50SELECT id,user,sum,a,pwd,DATE_FORMAT(dreg,'%d.%m.%y %H:%i') as dreg,eml,phone,fe,postpaid,defserver,currency FROM dealers WHERE ((user='zamir' or eml='') or (t_fname='' or t_lname='' 
or t_usr='')) and id=50SELECT id,user,sum,a,pwd,DATE_FORMAT(dreg,'%d.%m.%y %H:%i') as dreg,eml,phone,fe,postpaid,defserver,currency FROM dealers WHERE ((user='zamir' or eml='') or (t_fname='' or t_lname='' 
or t_usr='')) and id=50SELECT id,user,sum,a,pwd,DATE_FORMAT(dreg,'%d.%m.%y %H:%i') as dreg,eml,phone,fe,postpaid,defserver,currency FROM dealers WHERE ((user='zamir' or eml='') or (t_fname='' or t_lname='' 
or t_usr='')) and id=50SELECT id,user,sum,a,pwd,DATE_FORMAT(dreg,'%d.%m.%y %H:%i') as dreg,eml,phone,fe,postpaid,defserver,currency FROM dealers WHERE ((user='zamir' or eml='') or (t_fname='' or t_lname='' 
or t_usr='')) and id=50SELECT id,user,sum,a,pwd,DATE_FORMAT(dreg,'%d.%m.%y %H:%i') as dreg,eml,phone,fe,postpaid,defserver,currency FROM dealers WHERE ((user='zamir' or eml='') or (t_fname='' or t_lname='' 
or t_usr='')) and id=50SELECT id,user,sum,a,pwd,DATE_FORMAT(dreg,'%d.%m.%y %H:%i') as dreg,eml,phone,fe,postpaid,defserver,currency FROM dealers WHERE ((user='zamir' or eml='') or (t_fname='' or t_lname='' 
or t_usr='')) and id=50SELECT id,user,sum,a,pwd,DATE_FORMAT(dreg,'%d.%m.%y %H:%i') as dreg,eml,phone,fe,postpaid,defserver,currency FROM dealers WHERE ((user='zamir' or eml='') or (t_fname='' or t_lname='' 
or t_usr='')) and id=50SELECT id,user,sum,a,pwd,DATE_FORMAT(dreg,'%d.%m.%y %H:%i') as dreg,eml,phone,fe,postpaid,defserver,currency FROM dealers WHERE ((user='zamir' or eml='') or (t_fname='' or t_lname='' 
or t_usr='')) and id=50SELECT id,user,sum,a,pwd,DATE_FORMAT(dreg,'%d.%m.%y %H:%i') as dreg,eml,phone,fe,postpaid,defserver,currency FROM dealers WHERE ((user='zamir' or eml='') or (t_fname='' or t_lname='' 
or t_usr='')) and id=50SELECT id,user,sum,a,pwd,DATE_FORMAT(dreg,'%d.%m.%y %H:%i') as dreg,eml,phone,fe,postpaid,defserver,currency FROM dealers WHERE ((user='zamir' or eml='') or (t_fname='' or t_lname='' 
or t_usr='')) and id=50SELECT id,user,sum,a,pwd,DATE_FORMAT(dreg,'%d.%m.%y %H:%i') as dreg,eml,phone,fe,postpaid,defserver,currency FROM dealers WHERE ((user='zamir' or eml='') or (t_fname='' or t_lname='' 
or t_usr='')) and id=50SELECT id,user,sum,a,pwd,DATE_FORMAT(dreg,'%d.%m.%y %H:%i') as dreg,eml,phone,fe,postpaid,defserver,currency FROM dealers WHERE ((user='zamir' or eml='') or (t_fname='' or t_lname='' 
or t_usr='')) and id=50SELECT id,user,sum,a,pwd,DATE_FORMAT(dreg,'%d.%m.%y %H:%i') as dreg,eml,phone,fe,postpaid,defserver,currency FROM dealers WHERE ((user='zamir' or eml='') or (t_fname='' or t_lname='' 
or t_usr='')) and id=50SELECT id,user,sum,a,pwd,DATE_FORMAT(dreg,'%d.%m.%y %H:%i') as dreg,eml,phone,fe,postpaid,defserver,currency FROM dealers WHERE ((user='ssmm' or eml='') or (t_fname='' or t_lname='' 
or t_usr='')) and id=46SELECT id,user,sum,a,pwd,DATE_FORMAT(dreg,'%d.%m.%y %H:%i') as dreg,eml,phone,fe,postpaid,defserver,currency FROM dealers WHERE ((user='ssmm' or eml='') or (t_fname='' or t_lname='' 
or t_usr='')) and id=46SELECT id,user,sum,a,pwd,DATE_FORMAT(dreg,'%d.%m.%y %H:%i') as dreg,eml,phone,fe,postpaid,defserver,currency FROM dealers WHERE ((user='ssmm' or eml='') or (t_fname='' or t_lname='' 
or t_usr='')) and id=46SELECT id,user,sum,a,pwd,DATE_FORMAT(dreg,'%d.%m.%y %H:%i') as dreg,eml,phone,fe,postpaid,defserver,currency FROM dealers WHERE ((user='ssmm' or eml='') or (t_fname='' or t_lname='' 
or t_usr='')) and id=46SELECT id,user,sum,a,pwd,DATE_FORMAT(dreg,'%d.%m.%y %H:%i') as dreg,eml,phone,fe,postpaid,defserver,currency FROM dealers WHERE ((user='ssmm' or eml='') or (t_fname='' or t_lname='' 
or t_usr='')) and id=46SELECT id,user,sum,a,pwd,DATE_FORMAT(dreg,'%d.%m.%y %H:%i') as dreg,eml,phone,fe,postpaid,defserver,currency FROM dealers WHERE ((user='ssmm' or eml='') or (t_fname='' or t_lname='' 
or t_usr='')) and id=46SELECT id,user,sum,a,pwd,DATE_FORMAT(dreg,'%d.%m.%y %H:%i') as dreg,eml,phone,fe,postpaid,defserver,currency FROM dealers WHERE ((user='ssmm' or eml='') or (t_fname='' or t_lname='' 
or t_usr='')) and id=46SELECT id,user,sum,a,pwd,DATE_FORMAT(dreg,'%d.%m.%y %H:%i') as dreg,eml,phone,fe,postpaid,defserver,currency FROM dealers WHERE ((user='ssmm' or eml='') or (t_fname='' or t_lname='' 
or t_usr='')) and id=46SELECT id,user,sum,a,pwd,DATE_FORMAT(dreg,'%d.%m.%y %H:%i') as dreg,eml,phone,fe,postpaid,defserver,currency FROM dealers WHERE ((user='zamir' or eml='') or (t_fname='' or t_lname='' 
or t_usr='')) and id=50SELECT id,user,sum,a,pwd,DATE_FORMAT(dreg,'%d.%m.%y %H:%i') as dreg,eml,phone,fe,postpaid,defserver,currency FROM dealers WHERE ((user='zamir' or eml='') or (t_fname='' or t_lname='' 
or t_usr='')) and id=50SELECT id,user,sum,a,pwd,DATE_FORMAT(dreg,'%d.%m.%y %H:%i') as dreg,eml,phone,fe,postpaid,defserver,currency FROM dealers WHERE ((user='ssmm' or eml='') or (t_fname='' or t_lname='' 
or t_usr='')) and id=46SELECT id,user,sum,a,pwd,DATE_FORMAT(dreg,'%d.%m.%y %H:%i') as dreg,eml,phone,fe,postpaid,defserver,currency FROM dealers WHERE ((user='ssmm' or eml='') or (t_fname='' or t_lname='' 
or t_usr='')) and id=46SELECT id,user,sum,a,pwd,DATE_FORMAT(dreg,'%d.%m.%y %H:%i') as dreg,eml,phone,fe,postpaid,defserver,currency FROM dealers WHERE ((user='zamir' or eml='') or (t_fname='' or t_lname='' 
or t_usr='')) and id=50SELECT id,user,sum,a,pwd,DATE_FORMAT(dreg,'%d.%m.%y %H:%i') as dreg,eml,phone,fe,postpaid,defserver,currency FROM dealers WHERE ((user='zamir' or eml='') or (t_fname='' or t_lname='' 
or t_usr='')) and id=50SELECT id,user,sum,a,pwd,DATE_FORMAT(dreg,'%d.%m.%y %H:%i') as dreg,eml,phone,fe,postpaid,defserver,currency FROM dealers WHERE ((user='ssmm' or eml='') or (t_fname='' or t_lname='' 
or t_usr='')) and id=46SELECT id,user,sum,a,pwd,DATE_FORMAT(dreg,'%d.%m.%y %H:%i') as dreg,eml,phone,fe,postpaid,defserver,currency FROM dealers WHERE ((user='ssmm' or eml='') or (t_fname='' or t_lname='' 
or t_usr='')) and id=46SELECT id,user,sum,a,pwd,DATE_FORMAT(dreg,'%d.%m.%y %H:%i') as dreg,eml,phone,fe,postpaid,defserver,currency FROM dealers WHERE ((user='ssmm' or eml='') or (t_fname='' or t_lname='' 
or t_usr='')) and id=46SELECT id,user,sum,a,pwd,DATE_FORMAT(dreg,'%d.%m.%y %H:%i') as dreg,eml,phone,fe,postpaid,defserver,currency FROM dealers WHERE ((user='ssmm' or eml='') or (t_fname='' or t_lname='' 
or t_usr='')) and id=46SELECT id,user,sum,a,pwd,DATE_FORMAT(dreg,'%d.%m.%y %H:%i') as dreg,eml,phone,fe,postpaid,defserver,currency FROM dealers WHERE ((user='ssmm' or eml='') or (t_fname='' or t_lname='' 
or t_usr='')) and id=46SELECT id,user,sum,a,pwd,DATE_FORMAT(dreg,'%d.%m.%y %H:%i') as dreg,eml,phone,fe,postpaid,defserver,currency FROM dealers WHERE ((user='ssmm' or eml='') or (t_fname='' or t_lname='' 
or t_usr='')) and id=46SELECT id,user,sum,a,pwd,DATE_FORMAT(dreg,'%d.%m.%y %H:%i') as dreg,eml,phone,fe,postpaid,defserver,currency FROM dealers WHERE ((user='ssmm' or eml='') or (t_fname='' or t_lname='' 
or t_usr='')) and id=46SELECT id,user,sum,a,pwd,DATE_FORMAT(dreg,'%d.%m.%y %H:%i') as dreg,eml,phone,fe,postpaid,defserver,currency FROM dealers WHERE ((user='ssmm' or eml='') or (t_fname='' or t_lname='' 
or t_usr='')) and id=46SELECT id,user,sum,a,pwd,DATE_FORMAT(dreg,'%d.%m.%y %H:%i') as dreg,eml,phone,fe,postpaid,defserver,currency FROM dealers WHERE ((user='ssmm' or eml='') or (t_fname='' or t_lname='' 
or t_usr='')) and id=46SELECT id,user,sum,a,pwd,DATE_FORMAT(dreg,'%d.%m.%y %H:%i') as dreg,eml,phone,fe,postpaid,defserver,currency FROM dealers WHERE ((user='ssmm' or eml='') or (t_fname='' or t_lname='' 
or t_usr='')) and id=46SELECT id,user,sum,a,pwd,DATE_FORMAT(dreg,'%d.%m.%y %H:%i') as dreg,eml,phone,fe,postpaid,defserver,currency FROM dealers WHERE ((user='ssmm' or eml='') or (t_fname='' or t_lname='' 
or t_usr='')) and id=46SELECT id,user,sum,a,pwd,DATE_FORMAT(dreg,'%d.%m.%y %H:%i') as dreg,eml,phone,fe,postpaid,defserver,currency FROM dealers WHERE ((user='ssmm' or eml='') or (t_fname='' or t_lname='' 
or t_usr='')) and id=46SELECT id,user,sum,a,pwd,DATE_FORMAT(dreg,'%d.%m.%y %H:%i') as dreg,eml,phone,fe,postpaid,defserver,currency FROM dealers WHERE ((user='ssmm' or eml='') or (t_fname='' or t_lname='' 
or t_usr='')) and id=46SELECT id,user,sum,a,pwd,DATE_FORMAT(dreg,'%d.%m.%y %H:%i') as dreg,eml,phone,fe,postpaid,defserver,currency FROM dealers WHERE ((user='ssmm' or eml='') or (t_fname='' or t_lname='' 
or t_usr='')) and id=46SELECT id,user,sum,a,pwd,DATE_FORMAT(dreg,'%d.%m.%y %H:%i') as dreg,eml,phone,fe,postpaid,defserver,currency FROM dealers WHERE ((user='ssmm' or eml='') or (t_fname='' or t_lname='' 
or t_usr='')) and id=46SELECT id,user,sum,a,pwd,DATE_FORMAT(dreg,'%d.%m.%y %H:%i') as dreg,eml,phone,fe,postpaid,defserver,currency FROM dealers WHERE ((user='ssmm' or eml='') or (t_fname='' or t_lname='' 
or t_usr='')) and id=46SELECT id,user,sum,a,pwd,DATE_FORMAT(dreg,'%d.%m.%y %H:%i') as dreg,eml,phone,fe,postpaid,defserver,currency FROM dealers WHERE ((user='ssmm' or eml='') or (t_fname='' or t_lname='' 
or t_usr='')) and id=46SELECT id,user,sum,a,pwd,DATE_FORMAT(dreg,'%d.%m.%y %H:%i') as dreg,eml,phone,fe,postpaid,defserver,currency FROM dealers WHERE ((user='ssmm' or eml='') or (t_fname='' or t_lname='' 
or t_usr='')) and id=46SELECT id,user,sum,a,pwd,DATE_FORMAT(dreg,'%d.%m.%y %H:%i') as dreg,eml,phone,fe,postpaid,defserver,currency FROM dealers WHERE ((user='ssmm' or eml='') or (t_fname='' or t_lname='' 
or t_usr='')) and id=46SELECT id,user,sum,a,pwd,DATE_FORMAT(dreg,'%d.%m.%y %H:%i') as dreg,eml,phone,fe,postpaid,defserver,currency FROM dealers WHERE ((user='ssmm' or eml='') or (t_fname='' or t_lname='' 
or t_usr='')) and id=46SELECT id,user,sum,a,pwd,DATE_FORMAT(dreg,'%d.%m.%y %H:%i') as dreg,eml,phone,fe,postpaid,defserver,currency FROM dealers WHERE ((user='ssmm' or eml='') or (t_fname='' or t_lname='' 
or t_usr='')) and id=46SELECT id,user,sum,a,pwd,DATE_FORMAT(dreg,'%d.%m.%y %H:%i') as dreg,eml,phone,fe,postpaid,defserver,currency FROM dealers WHERE ((user='ssmm' or eml='') or (t_fname='' or t_lname='' 
or t_usr='')) and id=46SELECT id,user,sum,a,pwd,DATE_FORMAT(dreg,'%d.%m.%y %H:%i') as dreg,eml,phone,fe,postpaid,defserver,currency FROM dealers WHERE ((user='ssmm' or eml='') or (t_fname='' or t_lname='' 
or t_usr='')) and id=46SELECT id,user,sum,a,pwd,DATE_FORMAT(dreg,'%d.%m.%y %H:%i') as dreg,eml,phone,fe,postpaid,defserver,currency FROM dealers WHERE ((user='ssmm' or eml='') or (t_fname='' or t_lname='' 
or t_usr='')) and id=46SELECT id,user,sum,a,pwd,DATE_FORMAT(dreg,'%d.%m.%y %H:%i') as dreg,eml,phone,fe,postpaid,defserver,currency FROM dealers WHERE ((user='ssmm' or eml='') or (t_fname='' or t_lname='' 
or t_usr='')) and id=46SELECT id,user,sum,a,pwd,DATE_FORMAT(dreg,'%d.%m.%y %H:%i') as dreg,eml,phone,fe,postpaid,defserver,currency FROM dealers WHERE ((user='ssmm' or eml='') or (t_fname='' or t_lname='' 
or t_usr='')) and id=46SELECT id,user,sum,a,pwd,DATE_FORMAT(dreg,'%d.%m.%y %H:%i') as dreg,eml,phone,fe,postpaid,defserver,currency FROM dealers WHERE ((user='ssmm' or eml='') or (t_fname='' or t_lname='' 
or t_usr='')) and id=46SELECT id,user,sum,a,pwd,DATE_FORMAT(dreg,'%d.%m.%y %H:%i') as dreg,eml,phone,fe,postpaid,defserver,currency FROM dealers WHERE ((user='ssmm' or eml='') or (t_fname='' or t_lname='' 
or t_usr='')) and id=46SELECT id,user,sum,a,pwd,DATE_FORMAT(dreg,'%d.%m.%y %H:%i') as dreg,eml,phone,fe,postpaid,defserver,currency FROM dealers WHERE ((user='ssmm' or eml='') or (t_fname='' or t_lname='' 
or t_usr='')) and id=46SELECT id,user,sum,a,pwd,DATE_FORMAT(dreg,'%d.%m.%y %H:%i') as dreg,eml,phone,fe,postpaid,defserver,currency FROM dealers WHERE ((user='ssmm' or eml='') or (t_fname='' or t_lname='' 
or t_usr='')) and id=46SELECT id,user,sum,a,pwd,DATE_FORMAT(dreg,'%d.%m.%y %H:%i') as dreg,eml,phone,fe,postpaid,defserver,currency FROM dealers WHERE ((user='ssmm' or eml='') or (t_fname='' or t_lname='' 
or t_usr='')) and id=46SELECT id,user,sum,a,pwd,DATE_FORMAT(dreg,'%d.%m.%y %H:%i') as dreg,eml,phone,fe,postpaid,defserver,currency FROM dealers WHERE ((user='ssmm' or eml='') or (t_fname='' or t_lname='' 
or t_usr='')) and id=46SELECT id,user,sum,a,pwd,DATE_FORMAT(dreg,'%d.%m.%y %H:%i') as dreg,eml,phone,fe,postpaid,defserver,currency FROM dealers WHERE ((user='ssmm' or eml='') or (t_fname='' or t_lname='' 
or t_usr='')) and id=46SELECT id,user,sum,a,pwd,DATE_FORMAT(dreg,'%d.%m.%y %H:%i') as dreg,eml,phone,fe,postpaid,defserver,currency FROM dealers WHERE ((user='ssmm' or eml='') or (t_fname='' or t_lname='' 
or t_usr='')) and id=46SELECT id,user,sum,a,pwd,DATE_FORMAT(dreg,'%d.%m.%y %H:%i') as dreg,eml,phone,fe,postpaid,defserver,currency FROM dealers WHERE ((user='ssmm' or eml='') or (t_fname='' or t_lname='' 
or t_usr='')) and id=46SELECT id,user,sum,a,pwd,DATE_FORMAT(dreg,'%d.%m.%y %H:%i') as dreg,eml,phone,fe,postpaid,defserver,currency FROM dealers WHERE ((user='ssmm' or eml='') or (t_fname='' or t_lname='' 
or t_usr='')) and id=46SELECT id,user,sum,a,pwd,DATE_FORMAT(dreg,'%d.%m.%y %H:%i') as dreg,eml,phone,fe,postpaid,defserver,currency FROM dealers WHERE ((user='ssmm' or eml='') or (t_fname='' or t_lname='' 
or t_usr='')) and id=46SELECT id,user,sum,a,pwd,DATE_FORMAT(dreg,'%d.%m.%y %H:%i') as dreg,eml,phone,fe,postpaid,defserver,currency FROM dealers WHERE ((user='ssmm' or eml='') or (t_fname='' or t_lname='' 
or t_usr='')) and id=46SELECT id,user,sum,a,pwd,DATE_FORMAT(dreg,'%d.%m.%y %H:%i') as dreg,eml,phone,fe,postpaid,defserver,currency FROM dealers WHERE ((user='ssmm' or eml='') or (t_fname='' or t_lname='' 
or t_usr='')) and id=46SELECT id,user,sum,a,pwd,DATE_FORMAT(dreg,'%d.%m.%y %H:%i') as dreg,eml,phone,fe,postpaid,defserver,currency FROM dealers WHERE ((user='ssmm' or eml='') or (t_fname='' or t_lname='' 
or t_usr='')) and id=46SELECT id,user,sum,a,pwd,DATE_FORMAT(dreg,'%d.%m.%y %H:%i') as dreg,eml,phone,fe,postpaid,defserver,currency FROM dealers WHERE ((user='ssmm' or eml='') or (t_fname='' or t_lname='' 
or t_usr='')) and id=46SELECT id,user,sum,a,pwd,DATE_FORMAT(dreg,'%d.%m.%y %H:%i') as dreg,eml,phone,fe,postpaid,defserver,currency FROM dealers WHERE ((user='ssmm' or eml='') or (t_fname='' or t_lname='' 
or t_usr='')) and id=46SELECT id,user,sum,a,pwd,DATE_FORMAT(dreg,'%d.%m.%y %H:%i') as dreg,eml,phone,fe,postpaid,defserver,currency FROM dealers WHERE ((user='ssmm' or eml='') or (t_fname='' or t_lname='' 
or t_usr='')) and id=46SELECT id,user,sum,a,pwd,DATE_FORMAT(dreg,'%d.%m.%y %H:%i') as dreg,eml,phone,fe,postpaid,defserver,currency FROM dealers WHERE ((user='ssmm' or eml='') or (t_fname='' or t_lname='' 
or t_usr='')) and id=46SELECT id,user,sum,a,pwd,DATE_FORMAT(dreg,'%d.%m.%y %H:%i') as dreg,eml,phone,fe,postpaid,defserver,currency FROM dealers WHERE ((user='ssmm' or eml='') or (t_fname='' or t_lname='' 
or t_usr='')) and id=46SELECT id,user,sum,a,pwd,DATE_FORMAT(dreg,'%d.%m.%y %H:%i') as dreg,eml,phone,fe,postpaid,defserver,currency FROM dealers WHERE ((user='ssmm' or eml='') or (t_fname='' or t_lname='' 
or t_usr='')) and id=46SELECT id,user,sum,a,pwd,DATE_FORMAT(dreg,'%d.%m.%y %H:%i') as dreg,eml,phone,fe,postpaid,defserver,currency FROM dealers WHERE ((user='ssmm' or eml='') or (t_fname='' or t_lname='' 
or t_usr='')) and id=46SELECT id,user,sum,a,pwd,DATE_FORMAT(dreg,'%d.%m.%y %H:%i') as dreg,eml,phone,fe,postpaid,defserver,currency FROM dealers WHERE ((user='ssmm' or eml='') or (t_fname='' or t_lname='' 
or t_usr='')) and id=46SELECT id,user,sum,a,pwd,DATE_FORMAT(dreg,'%d.%m.%y %H:%i') as dreg,eml,phone,fe,postpaid,defserver,currency FROM dealers WHERE ((user='ssmm' or eml='') or (t_fname='' or t_lname='' 
or t_usr='')) and id=46SELECT id,user,sum,a,pwd,DATE_FORMAT(dreg,'%d.%m.%y %H:%i') as dreg,eml,phone,fe,postpaid,defserver,currency FROM dealers WHERE ((user='ssmm' or eml='') or (t_fname='' or t_lname='' 
or t_usr='')) and id=46SELECT id,user,sum,a,pwd,DATE_FORMAT(dreg,'%d.%m.%y %H:%i') as dreg,eml,phone,fe,postpaid,defserver,currency FROM dealers WHERE ((user='ssmm' or eml='') or (t_fname='' or t_lname='' 
or t_usr='')) and id=46SELECT id,user,sum,a,pwd,DATE_FORMAT(dreg,'%d.%m.%y %H:%i') as dreg,eml,phone,fe,postpaid,defserver,currency FROM dealers WHERE ((user='ssmm' or eml='') or (t_fname='' or t_lname='' 
or t_usr='')) and id=46SELECT id,user,sum,a,pwd,DATE_FORMAT(dreg,'%d.%m.%y %H:%i') as dreg,eml,phone,fe,postpaid,defserver,currency FROM dealers WHERE ((user='ssmm' or eml='') or (t_fname='' or t_lname='' 
or t_usr='')) and id=46SELECT id,user,sum,a,pwd,DATE_FORMAT(dreg,'%d.%m.%y %H:%i') as dreg,eml,phone,fe,postpaid,defserver,currency FROM dealers WHERE ((user='ssmm' or eml='') or (t_fname='' or t_lname='' 
or t_usr='')) and id=46SELECT id,user,sum,a,pwd,DATE_FORMAT(dreg,'%d.%m.%y %H:%i') as dreg,eml,phone,fe,postpaid,defserver,currency FROM dealers WHERE ((user='ssmm' or eml='') or (t_fname='' or t_lname='' 
or t_usr='')) and id=46SELECT id,user,sum,a,pwd,DATE_FORMAT(dreg,'%d.%m.%y %H:%i') as dreg,eml,phone,fe,postpaid,defserver,currency FROM dealers WHERE ((user='ssmm' or eml='') or (t_fname='' or t_lname='' 
or t_usr='')) and id=46SELECT id,user,sum,a,pwd,DATE_FORMAT(dreg,'%d.%m.%y %H:%i') as dreg,eml,phone,fe,postpaid,defserver,currency FROM dealers WHERE ((user='ssmm' or eml='') or (t_fname='' or t_lname='' 
or t_usr='')) and id=46SELECT id,user,sum,a,pwd,DATE_FORMAT(dreg,'%d.%m.%y %H:%i') as dreg,eml,phone,fe,postpaid,defserver,currency FROM dealers WHERE ((user='ssmm' or eml='') or (t_fname='' or t_lname='' 
or t_usr='')) and id=46SELECT id,user,sum,a,pwd,DATE_FORMAT(dreg,'%d.%m.%y %H:%i') as dreg,eml,phone,fe,postpaid,defserver,currency FROM dealers WHERE ((user='ssmm' or eml='') or (t_fname='' or t_lname='' 
or t_usr='')) and id=46SELECT id,user,sum,a,pwd,DATE_FORMAT(dreg,'%d.%m.%y %H:%i') as dreg,eml,phone,fe,postpaid,defserver,currency FROM dealers WHERE ((user='ssmm' or eml='') or (t_fname='' or t_lname='' 
or t_usr='')) and id=46SELECT id,user,sum,a,pwd,DATE_FORMAT(dreg,'%d.%m.%y %H:%i') as dreg,eml,phone,fe,postpaid,defserver,currency FROM dealers WHERE ((user='ssmm' or eml='') or (t_fname='' or t_lname='' 
or t_usr='')) and id=46SELECT id,user,sum,a,pwd,DATE_FORMAT(dreg,'%d.%m.%y %H:%i') as dreg,eml,phone,fe,postpaid,defserver,currency FROM dealers WHERE ((user='ssmm' or eml='') or (t_fname='' or t_lname='' 
or t_usr='')) and id=46SELECT id,user,sum,a,pwd,DATE_FORMAT(dreg,'%d.%m.%y %H:%i') as dreg,eml,phone,fe,postpaid,defserver,currency FROM dealers WHERE ((user='ssmm' or eml='') or (t_fname='' or t_lname='' 
or t_usr='')) and id=46SELECT id,user,sum,a,pwd,DATE_FORMAT(dreg,'%d.%m.%y %H:%i') as dreg,eml,phone,fe,postpaid,defserver,currency FROM dealers WHERE ((user='ssmm' or eml='') or (t_fname='' or t_lname='' 
or t_usr='')) and id=46SELECT id,user,sum,a,pwd,DATE_FORMAT(dreg,'%d.%m.%y %H:%i') as dreg,eml,phone,fe,postpaid,defserver,currency FROM dealers WHERE ((user='ssmm' or eml='') or (t_fname='' or t_lname='' 
or t_usr='')) and id=46SELECT id,user,sum,a,pwd,DATE_FORMAT(dreg,'%d.%m.%y %H:%i') as dreg,eml,phone,fe,postpaid,defserver,currency FROM dealers WHERE ((user='ssmm' or eml='') or (t_fname='' or t_lname='' 
or t_usr='')) and id=46SELECT id,user,sum,a,pwd,DATE_FORMAT(dreg,'%d.%m.%y %H:%i') as dreg,eml,phone,fe,postpaid,defserver,currency FROM dealers WHERE ((user='armen' or eml='') or (t_fname='' or t_lname='' 
or t_usr='')) and id=11SELECT id,user,sum,a,pwd,DATE_FORMAT(dreg,'%d.%m.%y %H:%i') as dreg,eml,phone,fe,postpaid,defserver,currency FROM dealers WHERE ((user='ssmm' or eml='') or (t_fname='' or t_lname='' 
or t_usr='')) and id=46SELECT id,user,sum,a,pwd,DATE_FORMAT(dreg,'%d.%m.%y %H:%i') as dreg,eml,phone,fe,postpaid,defserver,currency FROM dealers WHERE ((user='zamir' or eml='') or (t_fname='' or t_lname='' 
or t_usr='')) and id=50SELECT id,user,sum,a,pwd,DATE_FORMAT(dreg,'%d.%m.%y %H:%i') as dreg,eml,phone,fe,postpaid,defserver,currency FROM dealers WHERE ((user='zamir' or eml='') or (t_fname='' or t_lname='' 
or t_usr='')) and id=50SELECT id,user,sum,a,pwd,DATE_FORMAT(dreg,'%d.%m.%y %H:%i') as dreg,eml,phone,fe,postpaid,defserver,currency FROM dealers WHERE ((user='zamir' or eml='') or (t_fname='' or t_lname='' 
or t_usr='')) and id=50SELECT id,user,sum,a,pwd,DATE_FORMAT(dreg,'%d.%m.%y %H:%i') as dreg,eml,phone,fe,postpaid,defserver,currency FROM dealers WHERE ((user='zamir' or eml='') or (t_fname='' or t_lname='' 
or t_usr='')) and id=50SELECT id,user,sum,a,pwd,DATE_FORMAT(dreg,'%d.%m.%y %H:%i') as dreg,eml,phone,fe,postpaid,defserver,currency FROM dealers WHERE ((user='zamir' or eml='') or (t_fname='' or t_lname='' 
or t_usr='')) and id=50SELECT id,user,sum,a,pwd,DATE_FORMAT(dreg,'%d.%m.%y %H:%i') as dreg,eml,phone,fe,postpaid,defserver,currency FROM dealers WHERE ((user='zamir' or eml='') or (t_fname='' or t_lname='' 
or t_usr='')) and id=50SELECT id,user,sum,a,pwd,DATE_FORMAT(dreg,'%d.%m.%y %H:%i') as dreg,eml,phone,fe,postpaid,defserver,currency FROM dealers WHERE ((user='zamir' or eml='') or (t_fname='' or t_lname='' 
or t_usr='')) and id=50SELECT id,user,sum,a,pwd,DATE_FORMAT(dreg,'%d.%m.%y %H:%i') as dreg,eml,phone,fe,postpaid,defserver,currency FROM dealers WHERE ((user='zamir' or eml='') or (t_fname='' or t_lname='' 
or t_usr='')) and id=50SELECT id,user,sum,a,pwd,DATE_FORMAT(dreg,'%d.%m.%y %H:%i') as dreg,eml,phone,fe,postpaid,defserver,currency FROM dealers WHERE ((user='zamir' or eml='') or (t_fname='' or t_lname='' 
or t_usr='')) and id=50SELECT id,user,sum,a,pwd,DATE_FORMAT(dreg,'%d.%m.%y %H:%i') as dreg,eml,phone,fe,postpaid,defserver,currency FROM dealers WHERE ((user='zamir' or eml='') or (t_fname='' or t_lname='' 
or t_usr='')) and id=50SELECT id,user,sum,a,pwd,DATE_FORMAT(dreg,'%d.%m.%y %H:%i') as dreg,eml,phone,fe,postpaid,defserver,currency FROM dealers WHERE ((user='zamir' or eml='') or (t_fname='' or t_lname='' 
or t_usr='')) and id=50SELECT id,user,sum,a,pwd,DATE_FORMAT(dreg,'%d.%m.%y %H:%i') as dreg,eml,phone,fe,postpaid,defserver,currency FROM dealers WHERE ((user='zamir' or eml='') or (t_fname='' or t_lname='' 
or t_usr='')) and id=50SELECT id,user,sum,a,pwd,DATE_FORMAT(dreg,'%d.%m.%y %H:%i') as dreg,eml,phone,fe,postpaid,defserver,currency FROM dealers WHERE ((user='zamir' or eml='') or (t_fname='' or t_lname='' 
or t_usr='')) and id=50SELECT id,user,sum,a,pwd,DATE_FORMAT(dreg,'%d.%m.%y %H:%i') as dreg,eml,phone,fe,postpaid,defserver,currency FROM dealers WHERE ((user='zamir' or eml='') or (t_fname='' or t_lname='' 
or t_usr='')) and id=50SELECT id,user,sum,a,pwd,DATE_FORMAT(dreg,'%d.%m.%y %H:%i') as dreg,eml,phone,fe,postpaid,defserver,currency FROM dealers WHERE ((user='zamir' or eml='') or (t_fname='' or t_lname='' 
or t_usr='')) and id=50SELECT id,user,sum,a,pwd,DATE_FORMAT(dreg,'%d.%m.%y %H:%i') as dreg,eml,phone,fe,postpaid,defserver,currency FROM dealers WHERE ((user='zamir' or eml='') or (t_fname='' or t_lname='' 
or t_usr='')) and id=50SELECT id,user,sum,a,pwd,DATE_FORMAT(dreg,'%d.%m.%y %H:%i') as dreg,eml,phone,fe,postpaid,defserver,currency FROM dealers WHERE ((user='zamir' or eml='') or (t_fname='' or t_lname='' 
or t_usr='')) and id=50SELECT id,user,sum,a,pwd,DATE_FORMAT(dreg,'%d.%m.%y %H:%i') as dreg,eml,phone,fe,postpaid,defserver,currency FROM dealers WHERE ((user='zamir' or eml='') or (t_fname='' or t_lname='' 
or t_usr='')) and id=50SELECT id,user,sum,a,pwd,DATE_FORMAT(dreg,'%d.%m.%y %H:%i') as dreg,eml,phone,fe,postpaid,defserver,currency FROM dealers WHERE ((user='zamir' or eml='') or (t_fname='' or t_lname='' 
or t_usr='')) and id=50SELECT id,user,sum,a,pwd,DATE_FORMAT(dreg,'%d.%m.%y %H:%i') as dreg,eml,phone,fe,postpaid,defserver,currency FROM dealers WHERE ((user='zamir' or eml='') or (t_fname='' or t_lname='' 
or t_usr='')) and id=50SELECT id,user,sum,a,pwd,DATE_FORMAT(dreg,'%d.%m.%y %H:%i') as dreg,eml,phone,fe,postpaid,defserver,currency FROM dealers WHERE ((user='zamir' or eml='') or (t_fname='' or t_lname='' 
or t_usr='')) and id=50SELECT id,user,sum,a,pwd,DATE_FORMAT(dreg,'%d.%m.%y %H:%i') as dreg,eml,phone,fe,postpaid,defserver,currency FROM dealers WHERE ((user='ssmm' or eml='') or (t_fname='' or t_lname='' 
or t_usr='')) and id=46SELECT id,user,sum,a,pwd,DATE_FORMAT(dreg,'%d.%m.%y %H:%i') as dreg,eml,phone,fe,postpaid,defserver,currency FROM dealers WHERE ((user='ssmm' or eml='') or (t_fname='' or t_lname='' 
or t_usr='')) and id=46SELECT id,user,sum,a,pwd,DATE_FORMAT(dreg,'%d.%m.%y %H:%i') as dreg,eml,phone,fe,postpaid,defserver,currency FROM dealers WHERE ((user='ssmm' or eml='') or (t_fname='' or t_lname='' 
or t_usr='')) and id=46SELECT id,user,sum,a,pwd,DATE_FORMAT(dreg,'%d.%m.%y %H:%i') as dreg,eml,phone,fe,postpaid,defserver,currency FROM dealers WHERE ((user='ssmm' or eml='') or (t_fname='' or t_lname='' 
or t_usr='')) and id=46SELECT id,user,sum,a,pwd,DATE_FORMAT(dreg,'%d.%m.%y %H:%i') as dreg,eml,phone,fe,postpaid,defserver,currency FROM dealers WHERE ((user='ssmm' or eml='') or (t_fname='' or t_lname='' 
or t_usr='')) and id=46SELECT id,user,sum,a,pwd,DATE_FORMAT(dreg,'%d.%m.%y %H:%i') as dreg,eml,phone,fe,postpaid,defserver,currency FROM dealers WHERE ((user='ssmm' or eml='') or (t_fname='' or t_lname='' 
or t_usr='')) and id=46SELECT id,user,sum,a,pwd,DATE_FORMAT(dreg,'%d.%m.%y %H:%i') as dreg,eml,phone,fe,postpaid,defserver,currency FROM dealers WHERE ((user='ssmm' or eml='') or (t_fname='' or t_lname='' 
or t_usr='')) and id=46SELECT id,user,sum,a,pwd,DATE_FORMAT(dreg,'%d.%m.%y %H:%i') as dreg,eml,phone,fe,postpaid,defserver,currency FROM dealers WHERE ((user='ssmm' or eml='') or (t_fname='' or t_lname='' 
or t_usr='')) and id=46SELECT id,user,sum,a,pwd,DATE_FORMAT(dreg,'%d.%m.%y %H:%i') as dreg,eml,phone,fe,postpaid,defserver,currency FROM dealers WHERE ((user='zamir' or eml='') or (t_fname='' or t_lname='' 
or t_usr='')) and id=50SELECT id,user,sum,a,pwd,DATE_FORMAT(dreg,'%d.%m.%y %H:%i') as dreg,eml,phone,fe,postpaid,defserver,currency FROM dealers WHERE ((user='zamir' or eml='') or (t_fname='' or t_lname='' 
or t_usr='')) and id=50SELECT id,user,sum,a,pwd,DATE_FORMAT(dreg,'%d.%m.%y %H:%i') as dreg,eml,phone,fe,postpaid,defserver,currency FROM dealers WHERE ((user='zamir' or eml='') or (t_fname='' or t_lname='' 
or t_usr='')) and id=50SELECT id,user,sum,a,pwd,DATE_FORMAT(dreg,'%d.%m.%y %H:%i') as dreg,eml,phone,fe,postpaid,defserver,currency FROM dealers WHERE ((user='zamir' or eml='') or (t_fname='' or t_lname='' 
or t_usr='')) and id=50SELECT id,user,sum,a,pwd,DATE_FORMAT(dreg,'%d.%m.%y %H:%i') as dreg,eml,phone,fe,postpaid,defserver,currency FROM dealers WHERE ((user='zamir' or eml='') or (t_fname='' or t_lname='' 
or t_usr='')) and id=50